Archive member included to satisfy reference by file (symbol)

/opt/stm32cubeide/plugins/com.st.stm32cube.ide.mcu.externaltools.gnu-tools-for-stm32.12.3.rel1.linux64_1.0.200.202406132123/tools/bin/../lib/gcc/arm-none-eabi/12.3.1/../../../../arm-none-eabi/lib/thumb/v7-m/nofp/libc_nano.a(libc_a-exit.o)
                              /opt/stm32cubeide/plugins/com.st.stm32cube.ide.mcu.externaltools.gnu-tools-for-stm32.12.3.rel1.linux64_1.0.200.202406132123/tools/bin/../lib/gcc/arm-none-eabi/12.3.1/../../../../arm-none-eabi/lib/thumb/v7-m/nofp/crt0.o (exit)
/opt/stm32cubeide/plugins/com.st.stm32cube.ide.mcu.externaltools.gnu-tools-for-stm32.12.3.rel1.linux64_1.0.200.202406132123/tools/bin/../lib/gcc/arm-none-eabi/12.3.1/../../../../arm-none-eabi/lib/thumb/v7-m/nofp/libc_nano.a(libc_a-findfp.o)
                              /opt/stm32cubeide/plugins/com.st.stm32cube.ide.mcu.externaltools.gnu-tools-for-stm32.12.3.rel1.linux64_1.0.200.202406132123/tools/bin/../lib/gcc/arm-none-eabi/12.3.1/../../../../arm-none-eabi/lib/thumb/v7-m/nofp/libc_nano.a(libc_a-exit.o) (__stdio_exit_handler)
/opt/stm32cubeide/plugins/com.st.stm32cube.ide.mcu.externaltools.gnu-tools-for-stm32.12.3.rel1.linux64_1.0.200.202406132123/tools/bin/../lib/gcc/arm-none-eabi/12.3.1/../../../../arm-none-eabi/lib/thumb/v7-m/nofp/libc_nano.a(libc_a-fwalk.o)
                              /opt/stm32cubeide/plugins/com.st.stm32cube.ide.mcu.externaltools.gnu-tools-for-stm32.12.3.rel1.linux64_1.0.200.202406132123/tools/bin/../lib/gcc/arm-none-eabi/12.3.1/../../../../arm-none-eabi/lib/thumb/v7-m/nofp/libc_nano.a(libc_a-findfp.o) (_fwalk_sglue)
/opt/stm32cubeide/plugins/com.st.stm32cube.ide.mcu.externaltools.gnu-tools-for-stm32.12.3.rel1.linux64_1.0.200.202406132123/tools/bin/../lib/gcc/arm-none-eabi/12.3.1/../../../../arm-none-eabi/lib/thumb/v7-m/nofp/libc_nano.a(libc_a-stdio.o)
                              /opt/stm32cubeide/plugins/com.st.stm32cube.ide.mcu.externaltools.gnu-tools-for-stm32.12.3.rel1.linux64_1.0.200.202406132123/tools/bin/../lib/gcc/arm-none-eabi/12.3.1/../../../../arm-none-eabi/lib/thumb/v7-m/nofp/libc_nano.a(libc_a-findfp.o) (__sread)
/opt/stm32cubeide/plugins/com.st.stm32cube.ide.mcu.externaltools.gnu-tools-for-stm32.12.3.rel1.linux64_1.0.200.202406132123/tools/bin/../lib/gcc/arm-none-eabi/12.3.1/../../../../arm-none-eabi/lib/thumb/v7-m/nofp/libc_nano.a(libc_a-memset.o)
                              /opt/stm32cubeide/plugins/com.st.stm32cube.ide.mcu.externaltools.gnu-tools-for-stm32.12.3.rel1.linux64_1.0.200.202406132123/tools/bin/../lib/gcc/arm-none-eabi/12.3.1/../../../../arm-none-eabi/lib/thumb/v7-m/nofp/crt0.o (memset)
/opt/stm32cubeide/plugins/com.st.stm32cube.ide.mcu.externaltools.gnu-tools-for-stm32.12.3.rel1.linux64_1.0.200.202406132123/tools/bin/../lib/gcc/arm-none-eabi/12.3.1/../../../../arm-none-eabi/lib/thumb/v7-m/nofp/libc_nano.a(libc_a-closer.o)
                              /opt/stm32cubeide/plugins/com.st.stm32cube.ide.mcu.externaltools.gnu-tools-for-stm32.12.3.rel1.linux64_1.0.200.202406132123/tools/bin/../lib/gcc/arm-none-eabi/12.3.1/../../../../arm-none-eabi/lib/thumb/v7-m/nofp/libc_nano.a(libc_a-stdio.o) (_close_r)
/opt/stm32cubeide/plugins/com.st.stm32cube.ide.mcu.externaltools.gnu-tools-for-stm32.12.3.rel1.linux64_1.0.200.202406132123/tools/bin/../lib/gcc/arm-none-eabi/12.3.1/../../../../arm-none-eabi/lib/thumb/v7-m/nofp/libc_nano.a(libc_a-reent.o)
                              /opt/stm32cubeide/plugins/com.st.stm32cube.ide.mcu.externaltools.gnu-tools-for-stm32.12.3.rel1.linux64_1.0.200.202406132123/tools/bin/../lib/gcc/arm-none-eabi/12.3.1/../../../../arm-none-eabi/lib/thumb/v7-m/nofp/libc_nano.a(libc_a-closer.o) (errno)
/opt/stm32cubeide/plugins/com.st.stm32cube.ide.mcu.externaltools.gnu-tools-for-stm32.12.3.rel1.linux64_1.0.200.202406132123/tools/bin/../lib/gcc/arm-none-eabi/12.3.1/../../../../arm-none-eabi/lib/thumb/v7-m/nofp/libc_nano.a(libc_a-impure.o)
                              /opt/stm32cubeide/plugins/com.st.stm32cube.ide.mcu.externaltools.gnu-tools-for-stm32.12.3.rel1.linux64_1.0.200.202406132123/tools/bin/../lib/gcc/arm-none-eabi/12.3.1/../../../../arm-none-eabi/lib/thumb/v7-m/nofp/libc_nano.a(libc_a-reent.o) (_impure_ptr)
/opt/stm32cubeide/plugins/com.st.stm32cube.ide.mcu.externaltools.gnu-tools-for-stm32.12.3.rel1.linux64_1.0.200.202406132123/tools/bin/../lib/gcc/arm-none-eabi/12.3.1/../../../../arm-none-eabi/lib/thumb/v7-m/nofp/libc_nano.a(libc_a-lseekr.o)
                              /opt/stm32cubeide/plugins/com.st.stm32cube.ide.mcu.externaltools.gnu-tools-for-stm32.12.3.rel1.linux64_1.0.200.202406132123/tools/bin/../lib/gcc/arm-none-eabi/12.3.1/../../../../arm-none-eabi/lib/thumb/v7-m/nofp/libc_nano.a(libc_a-stdio.o) (_lseek_r)
/opt/stm32cubeide/plugins/com.st.stm32cube.ide.mcu.externaltools.gnu-tools-for-stm32.12.3.rel1.linux64_1.0.200.202406132123/tools/bin/../lib/gcc/arm-none-eabi/12.3.1/../../../../arm-none-eabi/lib/thumb/v7-m/nofp/libc_nano.a(libc_a-readr.o)
[...]
Memory Configuration

Name             Origin             Length             Attributes
RAM              0x20000000         0x00010000         xrw
FLASH            0x08000000         0x00040000         xr
*default*        0x00000000         0xffffffff

Linker script and memory map

LOAD /opt/stm32cubeide/plugins/com.st.stm32cube.ide.mcu.externaltools.gnu-tools-for-stm32.12.3.rel1.linux64_1.0.200.202406132123/tools/bin/../lib/gcc/arm-none-eabi/12.3.1/thumb/v7-m/nofp/crti.o
LOAD /opt/stm32cubeide/plugins/com.st.stm32cube.ide.mcu.externaltools.gnu-tools-for-stm32.12.3.rel1.linux64_1.0.200.202406132123/tools/bin/../lib/gcc/arm-none-eabi/12.3.1/thumb/v7-m/nofp/crtbegin.o
LOAD /opt/stm32cubeide/plugins/com.st.stm32cube.ide.mcu.externaltools.gnu-tools-for-stm32.12.3.rel1.linux64_1.0.200.202406132123/tools/bin/../lib/gcc/arm-none-eabi/12.3.1/../../../../arm-none-eabi/lib/thumb/v7-m/nofp/crt0.o
LOAD ./Core/Src/main.o
LOAD ./Core/Src/stm32f1xx_hal_msp.o
LOAD ./Core/Src/stm32f1xx_hal_timebase_tim.o
LOAD ./Core/Src/stm32f1xx_it.o
LOAD ./Core/Src/syscalls.o
LOAD ./Core/Src/sysmem.o
LOAD ./Core/Src/system_stm32f1xx.o
LOAD ./Core/Startup/startup_stm32f107rctx.o
LOAD ./Drivers/STM32F1xx_HAL_Driver/Src/stm32f1xx_hal.o
LOAD ./Drivers/STM32F1xx_HAL_Driver/Src/stm32f1xx_hal_adc.o
LOAD ./Drivers/STM32F1xx_HAL_Driver/Src/stm32f1xx_hal_adc_ex.o
LOAD ./Drivers/STM32F1xx_HAL_Driver/Src/stm32f1xx_hal_cortex.o
LOAD ./Drivers/STM32F1xx_HAL_Driver/Src/stm32f1xx_hal_dma.o
LOAD ./Drivers/STM32F1xx_HAL_Driver/Src/stm32f1xx_hal_exti.o
LOAD ./Drivers/STM32F1xx_HAL_Driver/Src/stm32f1xx_hal_flash.o
LOAD ./Drivers/STM32F1xx_HAL_Driver/Src/stm32f1xx_hal_flash_ex.o
LOAD ./Drivers/STM32F1xx_HAL_Driver/Src/stm32f1xx_hal_gpio.o
LOAD ./Drivers/STM32F1xx_HAL_Driver/Src/stm32f1xx_hal_gpio_ex.o
LOAD ./Drivers/STM32F1xx_HAL_Driver/Src/stm32f1xx_hal_pcd.o
LOAD ./Drivers/STM32F1xx_HAL_Driver/Src/stm32f1xx_hal_pcd_ex.o
LOAD ./Drivers/STM32F1xx_HAL_Driver/Src/stm32f1xx_hal_pwr.o
LOAD ./Drivers/STM32F1xx_HAL_Driver/Src/stm32f1xx_hal_rcc.o
LOAD ./Drivers/STM32F1xx_HAL_Driver/Src/stm32f1xx_hal_rcc_ex.o
LOAD ./Drivers/STM32F1xx_HAL_Driver/Src/stm32f1xx_hal_tim.o
LOAD ./Drivers/STM32F1xx_HAL_Driver/Src/stm32f1xx_hal_tim_ex.o
LOAD ./Drivers/STM32F1xx_HAL_Driver/Src/stm32f1xx_hal_uart.o
LOAD ./Drivers/STM32F1xx_HAL_Driver/Src/stm32f1xx_ll_usb.o
LOAD ./Middlewares/ST/STM32_USB_Device_Library/Class/HID/Src/usbd_hid.o
LOAD ./Middlewares/ST/STM32_USB_Device_Library/Core/Src/usbd_core.o
LOAD ./Middlewares/ST/STM32_USB_Device_Library/Core/Src/usbd_ctlreq.o
LOAD ./Middlewares/ST/STM32_USB_Device_Library/Core/Src/usbd_ioreq.o
LOAD ./USB_DEVICE/App/usb_device.o
LOAD ./USB_DEVICE/App/usbd_desc.o
LOAD ./USB_DEVICE/Target/usbd_conf.o
START GROUP
LOAD /opt/stm32cubeide/plugins/com.st.stm32cube.ide.mcu.externaltools.gnu-tools-for-stm32.12.3.rel1.linux64_1.0.200.202406132123/tools/bin/../lib/gcc/arm-none-eabi/12.3.1/../../../../arm-none-eabi/lib/thumb/v7-m/nofp/libc_nano.a
LOAD /opt/stm32cubeide/plugins/com.st.stm32cube.ide.mcu.externaltools.gnu-tools-for-stm32.12.3.rel1.linux64_1.0.200.202406132123/tools/bin/../lib/gcc/arm-none-eabi/12.3.1/../../../../arm-none-eabi/lib/thumb/v7-m/nofp/libm.a
END GROUP
START GROUP
LOAD /opt/stm32cubeide/plugins/com.st.stm32cube.ide.mcu.externaltools.gnu-tools-for-stm32.12.3.rel1.linux64_1.0.200.202406132123/tools/bin/../lib/gcc/arm-none-eabi/12.3.1/thumb/v7-m/nofp/libgcc.a
LOAD /opt/stm32cubeide/plugins/com.st.stm32cube.ide.mcu.externaltools.gnu-tools-for-stm32.12.3.rel1.linux64_1.0.200.202406132123/tools/bin/../lib/gcc/arm-none-eabi/12.3.1/../../../../arm-none-eabi/lib/thumb/v7-m/nofp/libc_nano.a
END GROUP
START GROUP
LOAD /opt/stm32cubeide/plugins/com.st.stm32cube.ide.mcu.externaltools.gnu-tools-for-stm32.12.3.rel1.linux64_1.0.200.202406132123/tools/bin/../lib/gcc/arm-none-eabi/12.3.1/thumb/v7-m/nofp/libgcc.a
LOAD /opt/stm32cubeide/plugins/com.st.stm32cube.ide.mcu.externaltools.gnu-tools-for-stm32.12.3.rel1.linux64_1.0.200.202406132123/tools/bin/../lib/gcc/arm-none-eabi/12.3.1/../../../../arm-none-eabi/lib/thumb/v7-m/nofp/libc_nano.a
LOAD /opt/stm32cubeide/plugins/com.st.stm32cube.ide.mcu.externaltools.gnu-tools-for-stm32.12.3.rel1.linux64_1.0.200.202406132123/tools/bin/../lib/gcc/arm-none-eabi/12.3.1/../../../../arm-none-eabi/lib/thumb/v7-m/nofp/libnosys.a
END GROUP
START GROUP
LOAD /opt/stm32cubeide/plugins/com.st.stm32cube.ide.mcu.externaltools.gnu-tools-for-stm32.12.3.rel1.linux64_1.0.200.202406132123/tools/bin/../lib/gcc/arm-none-eabi/12.3.1/thumb/v7-m/nofp/libgcc.a
LOAD /opt/stm32cubeide/plugins/com.st.stm32cube.ide.mcu.externaltools.gnu-tools-for-stm32.12.3.rel1.linux64_1.0.200.202406132123/tools/bin/../lib/gcc/arm-none-eabi/12.3.1/../../../../arm-none-eabi/lib/thumb/v7-m/nofp/libc_nano.a
LOAD /opt/stm32cubeide/plugins/com.st.stm32cube.ide.mcu.externaltools.gnu-tools-for-stm32.12.3.rel1.linux64_1.0.200.202406132123/tools/bin/../lib/gcc/arm-none-eabi/12.3.1/../../../../arm-none-eabi/lib/thumb/v7-m/nofp/libnosys.a
END GROUP
LOAD /opt/stm32cubeide/plugins/com.st.stm32cube.ide.mcu.externaltools.gnu-tools-for-stm32.12.3.rel1.linux64_1.0.200.202406132123/tools/bin/../lib/gcc/arm-none-eabi/12.3.1/thumb/v7-m/nofp/crtend.o
LOAD /opt/stm32cubeide/plugins/com.st.stm32cube.ide.mcu.externaltools.gnu-tools-for-stm32.12.3.rel1.linux64_1.0.200.202406132123/tools/bin/../lib/gcc/arm-none-eabi/12.3.1/thumb/v7-m/nofp/crtn.o
                0x20010000                        _estack = (ORIGIN (RAM) + LENGTH (RAM))
                0x00000200                        _Min_Heap_Size = 0x200
                0x00000400                        _Min_Stack_Size = 0x400

.isr_vector     0x08000000      0x1e4
                0x08000000                        . = ALIGN (0x4)
 *(.isr_vector)
 .isr_vector    0x08000000      0x1e4 ./Core/Startup/startup_stm32f107rctx.o
                0x08000000                g_pfnVectors
                0x080001e4                        . = ALIGN (0x4)

.text           0x080001e4     0x6c9c
                0x080001e4                        . = ALIGN (0x4)
 *(.text)
 .text          0x080001e4       0x40 /opt/stm32cubeide/plugins/com.st.stm32cube.ide.mcu.externaltools.gnu-tools-for-stm32.12.3.rel1.linux64_1.0.200.202406132123/tools/bin/../lib/gcc/arm-none-eabi/12.3.1/thumb/v7-m/nofp/crtbegin.o
 .text          0x08000224       0x30 /opt/stm32cubeide/plugins/com.st.stm32cube.ide.mcu.externaltools.gnu-tools-for-stm32.12.3.rel1.linux64_1.0.200.202406132123/tools/bin/../lib/gcc/arm-none-eabi/12.3.1/thumb/v7-m/nofp/libgcc.a(_aeabi_uldivmod.o)
                0x08000224                __aeabi_uldivmod
 .text          0x08000254      0x2b8 /opt/stm32cubeide/plugins/com.st.stm32cube.ide.mcu.externaltools.gnu-tools-for-stm32.12.3.rel1.linux64_1.0.200.202406132123/tools/bin/../lib/gcc/arm-none-eabi/12.3.1/thumb/v7-m/nofp/libgcc.a(_udivmoddi4.o)
                0x08000254                __udivmoddi4
 .text          0x0800050c        0x4 /opt/stm32cubeide/plugins/com.st.stm32cube.ide.mcu.externaltools.gnu-tools-for-stm32.12.3.rel1.linux64_1.0.200.202406132123/tools/bin/../lib/gcc/arm-none-eabi/12.3.1/thumb/v7-m/nofp/libgcc.a(_dvmd_tls.o)
                0x0800050c                __aeabi_ldiv0
                0x0800050c                __aeabi_idiv0
 *(.text*)
 .text.main     0x08000510       0x24 ./Core/Src/main.o
                0x08000510                main
 .text.processBTN
                0x08000534      0x18c ./Core/Src/main.o
                0x08000534                processBTN
 .text.SystemClock_Config
                0x080006c0       0xcc ./Core/Src/main.o
                0x080006c0                SystemClock_Config
 .text.MX_ADC1_Init
                0x0800078c       0x7c ./Core/Src/main.o
 .text.MX_USART1_UART_Init
                0x08000808       0x54 ./Core/Src/main.o
 .text.MX_GPIO_Init
                0x0800085c      0x148 ./Core/Src/main.o
 .text.HAL_TIM_PeriodElapsedCallback
                0x080009a4       0x24 ./Core/Src/main.o
                0x080009a4                HAL_TIM_PeriodElapsedCallback
 .text.Error_Handler
                0x080009c8        0xc ./Core/Src/main.o
                0x080009c8                Error_Handler
 .text.HAL_MspInit
                0x080009d4       0x64 ./Core/Src/stm32f1xx_hal_msp.o
                0x080009d4                HAL_MspInit
 .text.HAL_ADC_MspInit
                0x08000a38       0xd8 ./Core/Src/stm32f1xx_hal_msp.o
                0x08000a38                HAL_ADC_MspInit
 .text.HAL_UART_MspInit
                0x08000b10       0x98 ./Core/Src/stm32f1xx_hal_msp.o
                0x08000b10                HAL_UART_MspInit
 .text.HAL_InitTick
                0x08000ba8       0xe4 ./Core/Src/stm32f1xx_hal_timebase_tim.o
                0x08000ba8                HAL_InitTick
 .text.NMI_Handler
                0x08000c8c        0x8 ./Core/Src/stm32f1xx_it.o
                0x08000c8c                NMI_Handler
 .text.HardFault_Handler
                0x08000c94        0x8 ./Core/Src/stm32f1xx_it.o
                0x08000c94                HardFault_Handler
 .text.MemManage_Handler
                0x08000c9c        0x8 ./Core/Src/stm32f1xx_it.o
                0x08000c9c                MemManage_Handler
 .text.BusFault_Handler
                0x08000ca4        0x8 ./Core/Src/stm32f1xx_it.o
                0x08000ca4                BusFault_Handler
 .text.UsageFault_Handler
                0x08000cac        0x8 ./Core/Src/stm32f1xx_it.o
                0x08000cac                UsageFault_Handler
 .text.SVC_Handler
                0x08000cb4        0xc ./Core/Src/stm32f1xx_it.o
                0x08000cb4                SVC_Handler
 .text.DebugMon_Handler
                0x08000cc0        0xc ./Core/Src/stm32f1xx_it.o
                0x08000cc0                DebugMon_Handler
 .text.PendSV_Handler
                0x08000ccc        0xc ./Core/Src/stm32f1xx_it.o
                0x08000ccc                PendSV_Handler
 .text.SysTick_Handler
                0x08000cd8        0xc ./Core/Src/stm32f1xx_it.o
                0x08000cd8                SysTick_Handler
 .text.TIM1_UP_IRQHandler
                0x08000ce4       0x14 ./Core/Src/stm32f1xx_it.o
                0x08000ce4                TIM1_UP_IRQHandler
 .text.OTG_FS_IRQHandler
                0x08000cf8       0x14 ./Core/Src/stm32f1xx_it.o
                0x08000cf8                OTG_FS_IRQHandler
 .text.SystemInit
                0x08000d0c        0xc ./Core/Src/system_stm32f1xx.o
                0x08000d0c                SystemInit
 .text.Reset_Handler
                0x08000d18       0x48 ./Core/Startup/startup_stm32f107rctx.o
                0x08000d18                Reset_Handler
 .text.Default_Handler
                0x08000d60        0x2 ./Core/Startup/startup_stm32f107rctx.o
                0x08000d60                RTC_Alarm_IRQHandler
                0x08000d60                EXTI2_IRQHandler
                0x08000d60                TIM1_CC_IRQHandler
                0x08000d60                TIM6_IRQHandler
                0x08000d60                PVD_IRQHandler
                0x08000d60                CAN2_RX1_IRQHandler
                0x08000d60                EXTI3_IRQHandler
                0x08000d60                EXTI0_IRQHandler
                0x08000d60                I2C2_EV_IRQHandler
                0x08000d60                CAN1_RX0_IRQHandler
                0x08000d60                CAN2_SCE_IRQHandler
                0x08000d60                ADC1_2_IRQHandler
                0x08000d60                SPI1_IRQHandler
                0x08000d60                TAMPER_IRQHandler
                0x08000d60                CAN2_RX0_IRQHandler
                0x08000d60                DMA2_Channel2_IRQHandler
                0x08000d60                DMA1_Channel4_IRQHandler
                0x08000d60                USART3_IRQHandler
                0x08000d60                RTC_IRQHandler
                0x08000d60                DMA1_Channel7_IRQHandler
                0x08000d60                CAN1_RX1_IRQHandler
                0x08000d60                UART5_IRQHandler
                0x08000d60                TIM4_IRQHandler
                0x08000d60                DMA2_Channel1_IRQHandler
                0x08000d60                I2C1_EV_IRQHandler
                0x08000d60                DMA1_Channel6_IRQHandler
                0x08000d60                UART4_IRQHandler
                0x08000d60                DMA2_Channel4_IRQHandler
                0x08000d60                TIM3_IRQHandler
                0x08000d60                RCC_IRQHandler
                0x08000d60                TIM1_TRG_COM_IRQHandler
                0x08000d60                DMA1_Channel1_IRQHandler
                0x08000d60                Default_Handler
                0x08000d60                EXTI15_10_IRQHandler
                0x08000d60                TIM7_IRQHandler
                0x08000d60                CAN2_TX_IRQHandler
                0x08000d60                TIM5_IRQHandler
                0x08000d60                EXTI9_5_IRQHandler
                0x08000d60                ETH_WKUP_IRQHandler
                0x08000d60                SPI2_IRQHandler
                0x08000d60                CAN1_TX_IRQHandler
                0x08000d60                DMA2_Channel5_IRQHandler
                0x08000d60                DMA1_Channel5_IRQHandler
                0x08000d60                EXTI4_IRQHandler
                0x08000d60                DMA1_Channel3_IRQHandler
                0x08000d60                ETH_IRQHandler
                0x08000d60                WWDG_IRQHandler
                0x08000d60                TIM2_IRQHandler
                0x08000d60                OTG_FS_WKUP_IRQHandler
                0x08000d60                TIM1_BRK_IRQHandler
                0x08000d60                EXTI1_IRQHandler
                0x08000d60                USART2_IRQHandler
                0x08000d60                I2C2_ER_IRQHandler
                0x08000d60                DMA1_Channel2_IRQHandler
                0x08000d60                CAN1_SCE_IRQHandler
                0x08000d60                FLASH_IRQHandler
                0x08000d60                USART1_IRQHandler
                0x08000d60                SPI3_IRQHandler
                0x08000d60                I2C1_ER_IRQHandler
                0x08000d60                DMA2_Channel3_IRQHandler
 *fill*         0x08000d62        0x2 
 .text.HAL_Init
                0x08000d64       0x2c ./Drivers/STM32F1xx_HAL_Driver/Src/stm32f1xx_hal.o
                0x08000d64                HAL_Init
 .text.HAL_IncTick
                0x08000d90       0x24 ./Drivers/STM32F1xx_HAL_Driver/Src/stm32f1xx_hal.o
                0x08000d90                HAL_IncTick
 .text.HAL_GetTick
                0x08000db4       0x14 ./Drivers/STM32F1xx_HAL_Driver/Src/stm32f1xx_hal.o
                0x08000db4                HAL_GetTick
 .text.HAL_Delay
                0x08000dc8       0x48 ./Drivers/STM32F1xx_HAL_Driver/Src/stm32f1xx_hal.o
                0x08000dc8                HAL_Delay
 .text.HAL_ADC_Init
                0x08000e10      0x1b0 ./Drivers/STM32F1xx_HAL_Driver/Src/stm32f1xx_hal_adc.o
                0x08000e10                HAL_ADC_Init
 .text.HAL_ADC_ConfigChannel
                0x08000fc0      0x1f0 ./Drivers/STM32F1xx_HAL_Driver/Src/stm32f1xx_hal_adc.o
                0x08000fc0                HAL_ADC_ConfigChannel
 .text.ADC_ConversionStop_Disable
                0x080011b0       0x82 ./Drivers/STM32F1xx_HAL_Driver/Src/stm32f1xx_hal_adc.o
                0x080011b0                ADC_ConversionStop_Disable
 *fill*         0x08001232        0x2 
 .text.__NVIC_SetPriorityGrouping
                0x08001234       0x48 ./Drivers/STM32F1xx_HAL_Driver/Src/stm32f1xx_hal_cortex.o
 .text.__NVIC_GetPriorityGrouping
                0x0800127c       0x1c ./Drivers/STM32F1xx_HAL_Driver/Src/stm32f1xx_hal_cortex.o
 .text.__NVIC_EnableIRQ
                0x08001298       0x38 ./Drivers/STM32F1xx_HAL_Driver/Src/stm32f1xx_hal_cortex.o
 .text.__NVIC_SetPriority
                0x080012d0       0x54 ./Drivers/STM32F1xx_HAL_Driver/Src/stm32f1xx_hal_cortex.o
 .text.NVIC_EncodePriority
                0x08001324       0x64 ./Drivers/STM32F1xx_HAL_Driver/Src/stm32f1xx_hal_cortex.o
 .text.HAL_NVIC_SetPriorityGrouping
                0x08001388       0x16 ./Drivers/STM32F1xx_HAL_Driver/Src/stm32f1xx_hal_cortex.o
                0x08001388                HAL_NVIC_SetPriorityGrouping
 .text.HAL_NVIC_SetPriority
                0x0800139e       0x38 ./Drivers/STM32F1xx_HAL_Driver/Src/stm32f1xx_hal_cortex.o
                0x0800139e                HAL_NVIC_SetPriority
 .text.HAL_NVIC_EnableIRQ
                0x080013d6       0x1c ./Drivers/STM32F1xx_HAL_Driver/Src/stm32f1xx_hal_cortex.o
                0x080013d6                HAL_NVIC_EnableIRQ
 *fill*         0x080013f2        0x2 
 .text.HAL_GPIO_Init
                0x080013f4      0x308 ./Drivers/STM32F1xx_HAL_Driver/Src/stm32f1xx_hal_gpio.o
                0x080013f4                HAL_GPIO_Init
 .text.HAL_GPIO_ReadPin
                0x080016fc       0x2e ./Drivers/STM32F1xx_HAL_Driver/Src/stm32f1xx_hal_gpio.o
                0x080016fc                HAL_GPIO_ReadPin
 .text.HAL_GPIO_WritePin
                0x0800172a       0x30 ./Drivers/STM32F1xx_HAL_Driver/Src/stm32f1xx_hal_gpio.o
                0x0800172a                HAL_GPIO_WritePin
 .text.HAL_PCD_Init
                0x0800175a      0x210 ./Drivers/STM32F1xx_HAL_Driver/Src/stm32f1xx_hal_pcd.o
                0x0800175a                HAL_PCD_Init
 .text.HAL_PCD_Start
                0x0800196a       0x44 ./Drivers/STM32F1xx_HAL_Driver/Src/stm32f1xx_hal_pcd.o
                0x0800196a                HAL_PCD_Start
 .text.HAL_PCD_IRQHandler
                0x080019ae      0x8b6 ./Drivers/STM32F1xx_HAL_Driver/Src/stm32f1xx_hal_pcd.o
                0x080019ae                HAL_PCD_IRQHandler
 .text.HAL_PCD_SetAddress
                0x08002264       0x48 ./Drivers/STM32F1xx_HAL_Driver/Src/stm32f1xx_hal_pcd.o
                0x08002264                HAL_PCD_SetAddress
 .text.HAL_PCD_EP_Open
                0x080022ac       0xd0 ./Drivers/STM32F1xx_HAL_Driver/Src/stm32f1xx_hal_pcd.o
                0x080022ac                HAL_PCD_EP_Open
 .text.HAL_PCD_EP_Close
                0x0800237c       0x94 ./Drivers/STM32F1xx_HAL_Driver/Src/stm32f1xx_hal_pcd.o
                0x0800237c                HAL_PCD_EP_Close
 .text.HAL_PCD_EP_Receive
                0x08002410       0x64 ./Drivers/STM32F1xx_HAL_Driver/Src/stm32f1xx_hal_pcd.o
                0x08002410                HAL_PCD_EP_Receive
 .text.HAL_PCD_EP_Transmit
                0x08002474       0x62 ./Drivers/STM32F1xx_HAL_Driver/Src/stm32f1xx_hal_pcd.o
                0x08002474                HAL_PCD_EP_Transmit
 .text.HAL_PCD_EP_SetStall
                0x080024d6       0xc4 ./Drivers/STM32F1xx_HAL_Driver/Src/stm32f1xx_hal_pcd.o
                0x080024d6                HAL_PCD_EP_SetStall
 .text.HAL_PCD_EP_ClrStall
                0x0800259a       0xac ./Drivers/STM32F1xx_HAL_Driver/Src/stm32f1xx_hal_pcd.o
                0x0800259a                HAL_PCD_EP_ClrStall
 .text.HAL_PCD_EP_Abort
                0x08002646       0x62 ./Drivers/STM32F1xx_HAL_Driver/Src/stm32f1xx_hal_pcd.o
                0x08002646                HAL_PCD_EP_Abort
 .text.PCD_WriteEmptyTxFifo
                0x080026a8      0x110 ./Drivers/STM32F1xx_HAL_Driver/Src/stm32f1xx_hal_pcd.o
 .text.PCD_EP_OutXfrComplete_int
                0x080027b8       0x9c ./Drivers/STM32F1xx_HAL_Driver/Src/stm32f1xx_hal_pcd.o
 .text.PCD_EP_OutSetupPacket_int
                0x08002854       0x68 ./Drivers/STM32F1xx_HAL_Driver/Src/stm32f1xx_hal_pcd.o
 .text.HAL_PCDEx_SetTxFiFo
                0x080028bc       0x8c ./Drivers/STM32F1xx_HAL_Driver/Src/stm32f1xx_hal_pcd_ex.o
                0x080028bc                HAL_PCDEx_SetTxFiFo
 .text.HAL_PCDEx_SetRxFiFo
                0x08002948       0x20 ./Drivers/STM32F1xx_HAL_Driver/Src/stm32f1xx_hal_pcd_ex.o
                0x08002948                HAL_PCDEx_SetRxFiFo
 .text.HAL_RCC_OscConfig
                0x08002968      0x62c ./Drivers/STM32F1xx_HAL_Driver/Src/stm32f1xx_hal_rcc.o
                0x08002968                HAL_RCC_OscConfig
 .text.HAL_RCC_ClockConfig
                0x08002f94      0x1d4 ./Drivers/STM32F1xx_HAL_Driver/Src/stm32f1xx_hal_rcc.o
                0x08002f94                HAL_RCC_ClockConfig
 .text.HAL_RCC_GetSysClockFreq
                0x08003168      0x1e8 ./Drivers/STM32F1xx_HAL_Driver/Src/stm32f1xx_hal_rcc.o
                0x08003168                HAL_RCC_GetSysClockFreq
 .text.HAL_RCC_GetHCLKFreq
                0x08003350       0x14 ./Drivers/STM32F1xx_HAL_Driver/Src/stm32f1xx_hal_rcc.o
                0x08003350                HAL_RCC_GetHCLKFreq
 .text.HAL_RCC_GetPCLK1Freq
                0x08003364       0x28 ./Drivers/STM32F1xx_HAL_Driver/Src/stm32f1xx_hal_rcc.o
                0x08003364                HAL_RCC_GetPCLK1Freq
 .text.HAL_RCC_GetPCLK2Freq
                0x0800338c       0x28 ./Drivers/STM32F1xx_HAL_Driver/Src/stm32f1xx_hal_rcc.o
                0x0800338c                HAL_RCC_GetPCLK2Freq
 .text.HAL_RCC_GetClockConfig
                0x080033b4       0x60 ./Drivers/STM32F1xx_HAL_Driver/Src/stm32f1xx_hal_rcc.o
                0x080033b4                HAL_RCC_GetClockConfig
 .text.RCC_Delay
                0x08003414       0x3c ./Drivers/STM32F1xx_HAL_Driver/Src/stm32f1xx_hal_rcc.o
 .text.HAL_RCCEx_PeriphCLKConfig
                0x08003450      0x264 ./Drivers/STM32F1xx_HAL_Driver/Src/stm32f1xx_hal_rcc_ex.o
                0x08003450                HAL_RCCEx_PeriphCLKConfig
 .text.HAL_TIM_Base_Init
                0x080036b4       0x9e ./Drivers/STM32F1xx_HAL_Driver/Src/stm32f1xx_hal_tim.o
                0x080036b4                HAL_TIM_Base_Init
 .text.HAL_TIM_Base_MspInit
                0x08003752       0x12 ./Drivers/STM32F1xx_HAL_Driver/Src/stm32f1xx_hal_tim.o
                0x08003752                HAL_TIM_Base_MspInit
 .text.HAL_TIM_Base_Start_IT
                0x08003764       0xb4 ./Drivers/STM32F1xx_HAL_Driver/Src/stm32f1xx_hal_tim.o
                0x08003764                HAL_TIM_Base_Start_IT
 .text.HAL_TIM_IRQHandler
                0x08003818      0x1e0 ./Drivers/STM32F1xx_HAL_Driver/Src/stm32f1xx_hal_tim.o
                0x08003818                HAL_TIM_IRQHandler
 .text.HAL_TIM_OC_DelayElapsedCallback
                0x080039f8       0x12 ./Drivers/STM32F1xx_HAL_Driver/Src/stm32f1xx_hal_tim.o
                0x080039f8                HAL_TIM_OC_DelayElapsedCallback
 .text.HAL_TIM_IC_CaptureCallback
                0x08003a0a       0x12 ./Drivers/STM32F1xx_HAL_Driver/Src/stm32f1xx_hal_tim.o
                0x08003a0a                HAL_TIM_IC_CaptureCallback
 .text.HAL_TIM_PWM_PulseFinishedCallback
                0x08003a1c       0x12 ./Drivers/STM32F1xx_HAL_Driver/Src/stm32f1xx_hal_tim.o
                0x08003a1c                HAL_TIM_PWM_PulseFinishedCallback
 .text.HAL_TIM_TriggerCallback
                0x08003a2e       0x12 ./Drivers/STM32F1xx_HAL_Driver/Src/stm32f1xx_hal_tim.o
                0x08003a2e                HAL_TIM_TriggerCallback
 .text.TIM_Base_SetConfig
                0x08003a40       0xf0 ./Drivers/STM32F1xx_HAL_Driver/Src/stm32f1xx_hal_tim.o
                0x08003a40                TIM_Base_SetConfig
 .text.HAL_TIMEx_CommutCallback
                0x08003b30       0x12 ./Drivers/STM32F1xx_HAL_Driver/Src/stm32f1xx_hal_tim_ex.o
                0x08003b30                HAL_TIMEx_CommutCallback
 .text.HAL_TIMEx_BreakCallback
                0x08003b42       0x12 ./Drivers/STM32F1xx_HAL_Driver/Src/stm32f1xx_hal_tim_ex.o
                0x08003b42                HAL_TIMEx_BreakCallback
 .text.HAL_UART_Init
                0x08003b54       0xa0 ./Drivers/STM32F1xx_HAL_Driver/Src/stm32f1xx_hal_uart.o
                0x08003b54                HAL_UART_Init
 .text.UART_SetConfig
                0x08003bf4      0x11c ./Drivers/STM32F1xx_HAL_Driver/Src/stm32f1xx_hal_uart.o
 .text.USB_CoreInit
                0x08003d10       0x44 ./Drivers/STM32F1xx_HAL_Driver/Src/stm32f1xx_ll_usb.o
                0x08003d10                USB_CoreInit
 .text.USB_SetTurnaroundTime
                0x08003d54      0x138 ./Drivers/STM32F1xx_HAL_Driver/Src/stm32f1xx_ll_usb.o
                0x08003d54                USB_SetTurnaroundTime
 .text.USB_EnableGlobalInt
                0x08003e8c       0x20 ./Drivers/STM32F1xx_HAL_Driver/Src/stm32f1xx_ll_usb.o
                0x08003e8c                USB_EnableGlobalInt
 .text.USB_DisableGlobalInt
                0x08003eac       0x20 ./Drivers/STM32F1xx_HAL_Driver/Src/stm32f1xx_ll_usb.o
                0x08003eac                USB_DisableGlobalInt
 .text.USB_SetCurrentMode
                0x08003ecc       0x98 ./Drivers/STM32F1xx_HAL_Driver/Src/stm32f1xx_ll_usb.o
                0x08003ecc                USB_SetCurrentMode
 .text.USB_DevInit
                0x08003f64      0x250 ./Drivers/STM32F1xx_HAL_Driver/Src/stm32f1xx_ll_usb.o
                0x08003f64                USB_DevInit
 .text.USB_FlushTxFifo
                0x080041b4       0x62 ./Drivers/STM32F1xx_HAL_Driver/Src/stm32f1xx_ll_usb.o
                0x080041b4                USB_FlushTxFifo
 .text.USB_FlushRxFifo
                0x08004216       0x5a ./Drivers/STM32F1xx_HAL_Driver/Src/stm32f1xx_ll_usb.o
                0x08004216                USB_FlushRxFifo
 .text.USB_SetDevSpeed
                0x08004270       0x30 ./Drivers/STM32F1xx_HAL_Driver/Src/stm32f1xx_ll_usb.o
                0x08004270                USB_SetDevSpeed
 .text.USB_GetDevSpeed
                0x080042a0       0x3c ./Drivers/STM32F1xx_HAL_Driver/Src/stm32f1xx_ll_usb.o
                0x080042a0                USB_GetDevSpeed
 .text.USB_ActivateEndpoint
                0x080042dc      0x10c ./Drivers/STM32F1xx_HAL_Driver/Src/stm32f1xx_ll_usb.o
                0x080042dc                USB_ActivateEndpoint
 .text.USB_DeactivateEndpoint
                0x080043e8      0x1b8 ./Drivers/STM32F1xx_HAL_Driver/Src/stm32f1xx_ll_usb.o
                0x080043e8                USB_DeactivateEndpoint
 .text.USB_EPStartXfer
                0x080045a0      0x464 ./Drivers/STM32F1xx_HAL_Driver/Src/stm32f1xx_ll_usb.o
                0x080045a0                USB_EPStartXfer
 .text.USB_EPStopXfer
                0x08004a04      0x152 ./Drivers/STM32F1xx_HAL_Driver/Src/stm32f1xx_ll_usb.o
                0x08004a04                USB_EPStopXfer
 .text.USB_WritePacket
                0x08004b56       0x72 ./Drivers/STM32F1xx_HAL_Driver/Src/stm32f1xx_ll_usb.o
                0x08004b56                USB_WritePacket
 .text.USB_ReadPacket
                0x08004bc8       0xae ./Drivers/STM32F1xx_HAL_Driver/Src/stm32f1xx_ll_usb.o
                0x08004bc8                USB_ReadPacket
 .text.USB_EPSetStall
                0x08004c76       0xda ./Drivers/STM32F1xx_HAL_Driver/Src/stm32f1xx_ll_usb.o
                0x08004c76                USB_EPSetStall
 .text.USB_EPClearStall
                0x08004d50       0xca ./Drivers/STM32F1xx_HAL_Driver/Src/stm32f1xx_ll_usb.o
                0x08004d50                USB_EPClearStall
 .text.USB_SetDevAddress
                0x08004e1a       0x4a ./Drivers/STM32F1xx_HAL_Driver/Src/stm32f1xx_ll_usb.o
                0x08004e1a                USB_SetDevAddress
 .text.USB_DevConnect
                0x08004e64       0x40 ./Drivers/STM32F1xx_HAL_Driver/Src/stm32f1xx_ll_usb.o
                0x08004e64                USB_DevConnect
 .text.USB_DevDisconnect
                0x08004ea4       0x40 ./Drivers/STM32F1xx_HAL_Driver/Src/stm32f1xx_ll_usb.o
                0x08004ea4                USB_DevDisconnect
 .text.USB_ReadInterrupts
                0x08004ee4       0x24 ./Drivers/STM32F1xx_HAL_Driver/Src/stm32f1xx_ll_usb.o
                0x08004ee4                USB_ReadInterrupts
 .text.USB_ReadDevAllOutEpInterrupt
                0x08004f08       0x32 ./Drivers/STM32F1xx_HAL_Driver/Src/stm32f1xx_ll_usb.o
                0x08004f08                USB_ReadDevAllOutEpInterrupt
 .text.USB_ReadDevAllInEpInterrupt
                0x08004f3a       0x32 ./Drivers/STM32F1xx_HAL_Driver/Src/stm32f1xx_ll_usb.o
                0x08004f3a                USB_ReadDevAllInEpInterrupt
 .text.USB_ReadDevOutEPInterrupt
                0x08004f6c       0x3a ./Drivers/STM32F1xx_HAL_Driver/Src/stm32f1xx_ll_usb.o
                0x08004f6c                USB_ReadDevOutEPInterrupt
 .text.USB_ReadDevInEPInterrupt
                0x08004fa6       0x5a ./Drivers/STM32F1xx_HAL_Driver/Src/stm32f1xx_ll_usb.o
                0x08004fa6                USB_ReadDevInEPInterrupt
 .text.USB_GetMode
                0x08005000       0x1a ./Drivers/STM32F1xx_HAL_Driver/Src/stm32f1xx_ll_usb.o
                0x08005000                USB_GetMode
 .text.USB_ActivateSetup
                0x0800501a       0x44 ./Drivers/STM32F1xx_HAL_Driver/Src/stm32f1xx_ll_usb.o
                0x0800501a                USB_ActivateSetup
 *fill*         0x0800505e        0x2 
 .text.USB_EP0_OutStart
                0x08005060       0x90 ./Drivers/STM32F1xx_HAL_Driver/Src/stm32f1xx_ll_usb.o
                0x08005060                USB_EP0_OutStart
 .text.USB_CoreReset
                0x080050f0       0x60 ./Drivers/STM32F1xx_HAL_Driver/Src/stm32f1xx_ll_usb.o
 .text.USBD_HID_Init
                0x08005150       0x4e ./Middlewares/ST/STM32_USB_Device_Library/Class/HID/Src/usbd_hid.o
 .text.USBD_HID_DeInit
                0x0800519e       0x42 ./Middlewares/ST/STM32_USB_Device_Library/Class/HID/Src/usbd_hid.o
 .text.USBD_HID_Setup
                0x080051e0      0x1fc ./Middlewares/ST/STM32_USB_Device_Library/Class/HID/Src/usbd_hid.o
 .text.USBD_HID_SendReport
                0x080053dc       0x44 ./Middlewares/ST/STM32_USB_Device_Library/Class/HID/Src/usbd_hid.o
                0x080053dc                USBD_HID_SendReport
 .text.USBD_HID_GetFSCfgDesc
                0x08005420       0x20 ./Middlewares/ST/STM32_USB_Device_Library/Class/HID/Src/usbd_hid.o
 .text.USBD_HID_GetHSCfgDesc
                0x08005440       0x20 ./Middlewares/ST/STM32_USB_Device_Library/Class/HID/Src/usbd_hid.o
 .text.USBD_HID_GetOtherSpeedCfgDesc
                0x08005460       0x20 ./Middlewares/ST/STM32_USB_Device_Library/Class/HID/Src/usbd_hid.o
 .text.USBD_HID_DataIn
                0x08005480       0x22 ./Middlewares/ST/STM32_USB_Device_Library/Class/HID/Src/usbd_hid.o
 *fill*         0x080054a2        0x2 
 .text.USBD_HID_GetDeviceQualifierDesc
                0x080054a4       0x20 ./Middlewares/ST/STM32_USB_Device_Library/Class/HID/Src/usbd_hid.o
 .text.USBD_Init
                0x080054c4       0x56 ./Middlewares/ST/STM32_USB_Device_Library/Core/Src/usbd_core.o
                0x080054c4                USBD_Init
 .text.USBD_RegisterClass
                0x0800551a       0x32 ./Middlewares/ST/STM32_USB_Device_Library/Core/Src/usbd_core.o
                0x0800551a                USBD_RegisterClass
 .text.USBD_Start
                0x0800554c       0x18 ./Middlewares/ST/STM32_USB_Device_Library/Core/Src/usbd_core.o
                0x0800554c                USBD_Start
 .text.USBD_RunTestMode
                0x08005564       0x14 ./Middlewares/ST/STM32_USB_Device_Library/Core/Src/usbd_core.o
                0x08005564                USBD_RunTestMode
 .text.USBD_SetClassConfig
                0x08005578       0x3e ./Middlewares/ST/STM32_USB_Device_Library/Core/Src/usbd_core.o
                0x08005578                USBD_SetClassConfig
 .text.USBD_ClrClassConfig
                0x080055b6       0x26 ./Middlewares/ST/STM32_USB_Device_Library/Core/Src/usbd_core.o
                0x080055b6                USBD_ClrClassConfig
 .text.USBD_LL_SetupStage
                0x080055dc       0x9a ./Middlewares/ST/STM32_USB_Device_Library/Core/Src/usbd_core.o
                0x080055dc                USBD_LL_SetupStage
 .text.USBD_LL_DataOutStage
                0x08005676       0xe2 ./Middlewares/ST/STM32_USB_Device_Library/Core/Src/usbd_core.o
                0x08005676                USBD_LL_DataOutStage
 .text.USBD_LL_DataInStage
                0x08005758      0x14a ./Middlewares/ST/STM32_USB_Device_Library/Core/Src/usbd_core.o
                0x08005758                USBD_LL_DataInStage
 .text.USBD_LL_Reset
                0x080058a2       0x82 ./Middlewares/ST/STM32_USB_Device_Library/Core/Src/usbd_core.o
                0x080058a2                USBD_LL_Reset
 .text.USBD_LL_SetSpeed
                0x08005924       0x1e ./Middlewares/ST/STM32_USB_Device_Library/Core/Src/usbd_core.o
                0x08005924                USBD_LL_SetSpeed
 .text.USBD_LL_Suspend
                0x08005942       0x28 ./Middlewares/ST/STM32_USB_Device_Library/Core/Src/usbd_core.o
                0x08005942                USBD_LL_Suspend
 .text.USBD_LL_Resume
                0x0800596a       0x2a ./Middlewares/ST/STM32_USB_Device_Library/Core/Src/usbd_core.o
                0x0800596a                USBD_LL_Resume
 .text.USBD_LL_SOF
                0x08005994       0x34 ./Middlewares/ST/STM32_USB_Device_Library/Core/Src/usbd_core.o
                0x08005994                USBD_LL_SOF
 .text.USBD_LL_IsoINIncomplete
                0x080059c8       0x18 ./Middlewares/ST/STM32_USB_Device_Library/Core/Src/usbd_core.o
                0x080059c8                USBD_LL_IsoINIncomplete
 .text.USBD_LL_IsoOUTIncomplete
                0x080059e0       0x18 ./Middlewares/ST/STM32_USB_Device_Library/Core/Src/usbd_core.o
                0x080059e0                USBD_LL_IsoOUTIncomplete
 .text.USBD_LL_DevConnected
                0x080059f8       0x14 ./Middlewares/ST/STM32_USB_Device_Library/Core/Src/usbd_core.o
                0x080059f8                USBD_LL_DevConnected
 .text.USBD_LL_DevDisconnected
                0x08005a0c       0x2e ./Middlewares/ST/STM32_USB_Device_Library/Core/Src/usbd_core.o
                0x08005a0c                USBD_LL_DevDisconnected
 *fill*         0x08005a3a        0x2 
 .text.USBD_StdDevReq
                0x08005a3c       0xd4 ./Middlewares/ST/STM32_USB_Device_Library/Core/Src/usbd_ctlreq.o
                0x08005a3c                USBD_StdDevReq
 .text.USBD_StdItfReq
                0x08005b10       0x90 ./Middlewares/ST/STM32_USB_Device_Library/Core/Src/usbd_ctlreq.o
                0x08005b10                USBD_StdItfReq
 .text.USBD_StdEPReq
                0x08005ba0      0x2c6 ./Middlewares/ST/STM32_USB_Device_Library/Core/Src/usbd_ctlreq.o
                0x08005ba0                USBD_StdEPReq
 *fill*         0x08005e66        0x2 
 .text.USBD_GetDescriptor
                0x08005e68      0x2d0 ./Middlewares/ST/STM32_USB_Device_Library/Core/Src/usbd_ctlreq.o
 .text.USBD_SetAddress
                0x08006138       0x86 ./Middlewares/ST/STM32_USB_Device_Library/Core/Src/usbd_ctlreq.o
 *fill*         0x080061be        0x2 
 .text.USBD_SetConfig
                0x080061c0      0x11c ./Middlewares/ST/STM32_USB_Device_Library/Core/Src/usbd_ctlreq.o
 .text.USBD_GetConfig
                0x080062dc       0x6a ./Middlewares/ST/STM32_USB_Device_Library/Core/Src/usbd_ctlreq.o
 .text.USBD_GetStatus
                0x08006346       0x66 ./Middlewares/ST/STM32_USB_Device_Library/Core/Src/usbd_ctlreq.o
 .text.USBD_SetFeature
                0x080063ac       0x28 ./Middlewares/ST/STM32_USB_Device_Library/Core/Src/usbd_ctlreq.o
 .text.USBD_ClrFeature
                0x080063d4       0x42 ./Middlewares/ST/STM32_USB_Device_Library/Core/Src/usbd_ctlreq.o
 .text.USBD_ParseSetupRequest
                0x08006416       0x72 ./Middlewares/ST/STM32_USB_Device_Library/Core/Src/usbd_ctlreq.o
                0x08006416                USBD_ParseSetupRequest
 .text.USBD_CtlError
                0x08006488       0x22 ./Middlewares/ST/STM32_USB_Device_Library/Core/Src/usbd_ctlreq.o
                0x08006488                USBD_CtlError
 .text.USBD_GetString
                0x080064aa       0x84 ./Middlewares/ST/STM32_USB_Device_Library/Core/Src/usbd_ctlreq.o
                0x080064aa                USBD_GetString
 .text.USBD_GetLen
                0x0800652e       0x2e ./Middlewares/ST/STM32_USB_Device_Library/Core/Src/usbd_ctlreq.o
 .text.USBD_CtlSendData
                0x0800655c       0x38 ./Middlewares/ST/STM32_USB_Device_Library/Core/Src/usbd_ioreq.o
                0x0800655c                USBD_CtlSendData
 .text.USBD_CtlContinueSendData
                0x08006594       0x24 ./Middlewares/ST/STM32_USB_Device_Library/Core/Src/usbd_ioreq.o
                0x08006594                USBD_CtlContinueSendData
 .text.USBD_CtlContinueRx
                0x080065b8       0x24 ./Middlewares/ST/STM32_USB_Device_Library/Core/Src/usbd_ioreq.o
                0x080065b8                USBD_CtlContinueRx
 .text.USBD_CtlSendStatus
                0x080065dc       0x26 ./Middlewares/ST/STM32_USB_Device_Library/Core/Src/usbd_ioreq.o
                0x080065dc                USBD_CtlSendStatus
 .text.USBD_CtlReceiveStatus
                0x08006602       0x26 ./Middlewares/ST/STM32_USB_Device_Library/Core/Src/usbd_ioreq.o
                0x08006602                USBD_CtlReceiveStatus
 .text.MX_USB_DEVICE_Init
                0x08006628       0x4c ./USB_DEVICE/App/usb_device.o
                0x08006628                MX_USB_DEVICE_Init
 .text.USBD_FS_DeviceDescriptor
                0x08006674       0x24 ./USB_DEVICE/App/usbd_desc.o
                0x08006674                USBD_FS_DeviceDescriptor
 .text.USBD_FS_LangIDStrDescriptor
                0x08006698       0x24 ./USB_DEVICE/App/usbd_desc.o
                0x08006698                USBD_FS_LangIDStrDescriptor
 .text.USBD_FS_ProductStrDescriptor
                0x080066bc       0x3c ./USB_DEVICE/App/usbd_desc.o
                0x080066bc                USBD_FS_ProductStrDescriptor
 .text.USBD_FS_ManufacturerStrDescriptor
                0x080066f8       0x28 ./USB_DEVICE/App/usbd_desc.o
                0x080066f8                USBD_FS_ManufacturerStrDescriptor
 .text.USBD_FS_SerialStrDescriptor
                0x08006720       0x24 ./USB_DEVICE/App/usbd_desc.o
                0x08006720                USBD_FS_SerialStrDescriptor
 .text.USBD_FS_ConfigStrDescriptor
                0x08006744       0x3c ./USB_DEVICE/App/usbd_desc.o
                0x08006744                USBD_FS_ConfigStrDescriptor
 .text.USBD_FS_InterfaceStrDescriptor
                0x08006780       0x3c ./USB_DEVICE/App/usbd_desc.o
                0x08006780                USBD_FS_InterfaceStrDescriptor
 .text.Get_SerialNum
                0x080067bc       0x58 ./USB_DEVICE/App/usbd_desc.o
 .text.IntToUnicode
                0x08006814       0x7c ./USB_DEVICE/App/usbd_desc.o
 .text.HAL_PCD_MspInit
                0x08006890       0x48 ./USB_DEVICE/Target/usbd_conf.o
                0x08006890                HAL_PCD_MspInit
 .text.HAL_PCD_SetupStageCallback
                0x080068d8       0x24 ./USB_DEVICE/Target/usbd_conf.o
                0x080068d8                HAL_PCD_SetupStageCallback
 .text.HAL_PCD_DataOutStageCallback
                0x080068fc       0x36 ./USB_DEVICE/Target/usbd_conf.o
                0x080068fc                HAL_PCD_DataOutStageCallback
 .text.HAL_PCD_DataInStageCallback
                0x08006932       0x34 ./USB_DEVICE/Target/usbd_conf.o
                0x08006932                HAL_PCD_DataInStageCallback
 .text.HAL_PCD_SOFCallback
                0x08006966       0x1c ./USB_DEVICE/Target/usbd_conf.o
                0x08006966                HAL_PCD_SOFCallback
 .text.HAL_PCD_ResetCallback
                0x08006982       0x3c ./USB_DEVICE/Target/usbd_conf.o
                0x08006982                HAL_PCD_ResetCallback
 *fill*         0x080069be        0x2 
 .text.HAL_PCD_SuspendCallback
                0x080069c0       0x4c ./USB_DEVICE/Target/usbd_conf.o
                0x080069c0                HAL_PCD_SuspendCallback
 .text.HAL_PCD_ResumeCallback
                0x08006a0c       0x1c ./USB_DEVICE/Target/usbd_conf.o
                0x08006a0c                HAL_PCD_ResumeCallback
 .text.HAL_PCD_ISOOUTIncompleteCallback
                0x08006a28       0x24 ./USB_DEVICE/Target/usbd_conf.o
                0x08006a28                HAL_PCD_ISOOUTIncompleteCallback
 .text.HAL_PCD_ISOINIncompleteCallback
                0x08006a4c       0x24 ./USB_DEVICE/Target/usbd_conf.o
                0x08006a4c                HAL_PCD_ISOINIncompleteCallback
 .text.HAL_PCD_ConnectCallback
                0x08006a70       0x1c ./USB_DEVICE/Target/usbd_conf.o
                0x08006a70                HAL_PCD_ConnectCallback
 .text.HAL_PCD_DisconnectCallback
                0x08006a8c       0x1c ./USB_DEVICE/Target/usbd_conf.o
                0x08006a8c                HAL_PCD_DisconnectCallback
 .text.USBD_LL_Init
                0x08006aa8       0x88 ./USB_DEVICE/Target/usbd_conf.o
                0x08006aa8                USBD_LL_Init
 .text.USBD_LL_Start
                0x08006b30       0x36 ./USB_DEVICE/Target/usbd_conf.o
                0x08006b30                USBD_LL_Start
 .text.USBD_LL_OpenEP
                0x08006b66       0x4c ./USB_DEVICE/Target/usbd_conf.o
                0x08006b66                USBD_LL_OpenEP
 .text.USBD_LL_CloseEP
                0x08006bb2       0x3e ./USB_DEVICE/Target/usbd_conf.o
                0x08006bb2                USBD_LL_CloseEP
 .text.USBD_LL_StallEP
                0x08006bf0       0x3e ./USB_DEVICE/Target/usbd_conf.o
                0x08006bf0                USBD_LL_StallEP
 .text.USBD_LL_ClearStallEP
                0x08006c2e       0x3e ./USB_DEVICE/Target/usbd_conf.o
                0x08006c2e                USBD_LL_ClearStallEP
 .text.USBD_LL_IsStallEP
                0x08006c6c       0x56 ./USB_DEVICE/Target/usbd_conf.o
                0x08006c6c                USBD_LL_IsStallEP
 .text.USBD_LL_SetUSBAddress
                0x08006cc2       0x3e ./USB_DEVICE/Target/usbd_conf.o
                0x08006cc2                USBD_LL_SetUSBAddress
 .text.USBD_LL_Transmit
                0x08006d00       0x46 ./USB_DEVICE/Target/usbd_conf.o
                0x08006d00                USBD_LL_Transmit
 .text.USBD_LL_PrepareReceive
                0x08006d46       0x46 ./USB_DEVICE/Target/usbd_conf.o
                0x08006d46                USBD_LL_PrepareReceive
 .text.USBD_static_malloc
                0x08006d8c       0x18 ./USB_DEVICE/Target/usbd_conf.o
                0x08006d8c                USBD_static_malloc
 .text.USBD_static_free
                0x08006da4       0x12 ./USB_DEVICE/Target/usbd_conf.o
                0x08006da4                USBD_static_free
 *fill*         0x08006db6        0x2 
 .text.USBD_Get_USB_Status
                0x08006db8       0x58 ./USB_DEVICE/Target/usbd_conf.o
 .text.memset   0x08006e10       0x10 /opt/stm32cubeide/plugins/com.st.stm32cube.ide.mcu.externaltools.gnu-tools-for-stm32.12.3.rel1.linux64_1.0.200.202406132123/tools/bin/../lib/gcc/arm-none-eabi/12.3.1/../../../../arm-none-eabi/lib/thumb/v7-m/nofp/libc_nano.a(libc_a-memset.o)
                0x08006e10                memset
 .text.__libc_init_array
                0x08006e20       0x48 /opt/stm32cubeide/plugins/com.st.stm32cube.ide.mcu.externaltools.gnu-tools-for-stm32.12.3.rel1.linux64_1.0.200.202406132123/tools/bin/../lib/gcc/arm-none-eabi/12.3.1/../../../../arm-none-eabi/lib/thumb/v7-m/nofp/libc_nano.a(libc_a-init.o)
                0x08006e20                __libc_init_array
 *(.glue_7)
 .glue_7        0x08006e68        0x0 linker stubs
 *(.glue_7t)
 .glue_7t       0x08006e68        0x0 linker stubs
 *(.eh_frame)
 .eh_frame      0x08006e68        0x0 /opt/stm32cubeide/plugins/com.st.stm32cube.ide.mcu.externaltools.gnu-tools-for-stm32.12.3.rel1.linux64_1.0.200.202406132123/tools/bin/../lib/gcc/arm-none-eabi/12.3.1/thumb/v7-m/nofp/crtbegin.o
 *(.init)
 .init          0x08006e68        0x4 /opt/stm32cubeide/plugins/com.st.stm32cube.ide.mcu.externaltools.gnu-tools-for-stm32.12.3.rel1.linux64_1.0.200.202406132123/tools/bin/../lib/gcc/arm-none-eabi/12.3.1/thumb/v7-m/nofp/crti.o
                0x08006e68                _init
 .init          0x08006e6c        0x8 /opt/stm32cubeide/plugins/com.st.stm32cube.ide.mcu.externaltools.gnu-tools-for-stm32.12.3.rel1.linux64_1.0.200.202406132123/tools/bin/../lib/gcc/arm-none-eabi/12.3.1/thumb/v7-m/nofp/crtn.o
 *(.fini)
 .fini          0x08006e74        0x4 /opt/stm32cubeide/plugins/com.st.stm32cube.ide.mcu.externaltools.gnu-tools-for-stm32.12.3.rel1.linux64_1.0.200.202406132123/tools/bin/../lib/gcc/arm-none-eabi/12.3.1/thumb/v7-m/nofp/crti.o
                0x08006e74                _fini
 .fini          0x08006e78        0x8 /opt/stm32cubeide/plugins/com.st.stm32cube.ide.mcu.externaltools.gnu-tools-for-stm32.12.3.rel1.linux64_1.0.200.202406132123/tools/bin/../lib/gcc/arm-none-eabi/12.3.1/thumb/v7-m/nofp/crtn.o
                0x08006e80                        . = ALIGN (0x4)
                0x08006e80                        _etext = .

.vfp11_veneer   0x08006e80        0x0
 .vfp11_veneer  0x08006e80        0x0 linker stubs

.v4_bx          0x08006e80        0x0
 .v4_bx         0x08006e80        0x0 linker stubs

.iplt           0x08006e80        0x0
 .iplt          0x08006e80        0x0 /opt/stm32cubeide/plugins/com.st.stm32cube.ide.mcu.externaltools.gnu-tools-for-stm32.12.3.rel1.linux64_1.0.200.202406132123/tools/bin/../lib/gcc/arm-none-eabi/12.3.1/thumb/v7-m/nofp/crtbegin.o

.rodata         0x08006e80       0x80
                0x08006e80                        . = ALIGN (0x4)
 *(.rodata)
 .rodata        0x08006e80       0x46 ./USB_DEVICE/App/usbd_desc.o
 *(.rodata*)
 *fill*         0x08006ec6        0x2 
 .rodata.AHBPrescTable
                0x08006ec8       0x10 ./Core/Src/system_stm32f1xx.o
                0x08006ec8                AHBPrescTable
 .rodata.APBPrescTable
                0x08006ed8        0x8 ./Core/Src/system_stm32f1xx.o
                0x08006ed8                APBPrescTable
 .rodata.aPLLMULFactorTable.1
                0x08006ee0        0xe ./Drivers/STM32F1xx_HAL_Driver/Src/stm32f1xx_hal_rcc.o
 *fill*         0x08006eee        0x2 
 .rodata.aPredivFactorTable.0
                0x08006ef0       0x10 ./Drivers/STM32F1xx_HAL_Driver/Src/stm32f1xx_hal_rcc.o
                0x08006f00                        . = ALIGN (0x4)

.ARM.extab      0x08006f00        0x0
                0x08006f00                        . = ALIGN (0x4)
 *(.ARM.extab* .gnu.linkonce.armextab.*)
                0x08006f00                        . = ALIGN (0x4)

.ARM            0x08006f00        0x8
                0x08006f00                        . = ALIGN (0x4)
                0x08006f00                        __exidx_start = .
 *(.ARM.exidx*)
 .ARM.exidx     0x08006f00        0x8 /opt/stm32cubeide/plugins/com.st.stm32cube.ide.mcu.externaltools.gnu-tools-for-stm32.12.3.rel1.linux64_1.0.200.202406132123/tools/bin/../lib/gcc/arm-none-eabi/12.3.1/thumb/v7-m/nofp/libgcc.a(_udivmoddi4.o)
                0x08006f08                        __exidx_end = .
                0x08006f08                        . = ALIGN (0x4)

.preinit_array  0x08006f08        0x0
                0x08006f08                        . = ALIGN (0x4)
                0x08006f08                        PROVIDE (__preinit_array_start = .)
 *(.preinit_array*)
                0x08006f08                        PROVIDE (__preinit_array_end = .)
                0x08006f08                        . = ALIGN (0x4)

.init_array     0x08006f08        0x4
                0x08006f08                        . = ALIGN (0x4)
                0x08006f08                        PROVIDE (__init_array_start = .)
 *(SORT_BY_NAME(.init_array.*))
 *(.init_array*)
 .init_array    0x08006f08        0x4 /opt/stm32cubeide/plugins/com.st.stm32cube.ide.mcu.externaltools.gnu-tools-for-stm32.12.3.rel1.linux64_1.0.200.202406132123/tools/bin/../lib/gcc/arm-none-eabi/12.3.1/thumb/v7-m/nofp/crtbegin.o
                0x08006f0c                        PROVIDE (__init_array_end = .)
                0x08006f0c                        . = ALIGN (0x4)

.fini_array     0x08006f0c        0x4
                0x08006f0c                        . = ALIGN (0x4)
                [!provide]                        PROVIDE (__fini_array_start = .)
 *(SORT_BY_NAME(.fini_array.*))
 *(.fini_array*)
 .fini_array    0x08006f0c        0x4 /opt/stm32cubeide/plugins/com.st.stm32cube.ide.mcu.externaltools.gnu-tools-for-stm32.12.3.rel1.linux64_1.0.200.202406132123/tools/bin/../lib/gcc/arm-none-eabi/12.3.1/thumb/v7-m/nofp/crtbegin.o
                [!provide]                        PROVIDE (__fini_array_end = .)
                0x08006f10                        . = ALIGN (0x4)
                0x08006f10                        _sidata = LOADADDR (.data)

.rel.dyn        0x08006f10        0x0
 .rel.iplt      0x08006f10        0x0 /opt/stm32cubeide/plugins/com.st.stm32cube.ide.mcu.externaltools.gnu-tools-for-stm32.12.3.rel1.linux64_1.0.200.202406132123/tools/bin/../lib/gcc/arm-none-eabi/12.3.1/thumb/v7-m/nofp/crtbegin.o

.data           0x20000000      0x160 load address 0x08006f10
                0x20000000                        . = ALIGN (0x4)
                0x20000000                        _sdata = .
 *(.data)
 *(.data*)
 .data.SystemCoreClock
                0x20000000        0x4 ./Core/Src/system_stm32f1xx.o
                0x20000000                SystemCoreClock
 .data.uwTickPrio
                0x20000004        0x4 ./Drivers/STM32F1xx_HAL_Driver/Src/stm32f1xx_hal.o
                0x20000004                uwTickPrio
 .data.uwTickFreq
                0x20000008        0x1 ./Drivers/STM32F1xx_HAL_Driver/Src/stm32f1xx_hal.o
                0x20000008                uwTickFreq
 *fill*         0x20000009        0x3 
 .data.USBD_HID
                0x2000000c       0x38 ./Middlewares/ST/STM32_USB_Device_Library/Class/HID/Src/usbd_hid.o
                0x2000000c                USBD_HID
 .data.USBD_HID_CfgFSDesc
                0x20000044       0x22 ./Middlewares/ST/STM32_USB_Device_Library/Class/HID/Src/usbd_hid.o
 *fill*         0x20000066        0x2 
 .data.USBD_HID_CfgHSDesc
                0x20000068       0x22 ./Middlewares/ST/STM32_USB_Device_Library/Class/HID/Src/usbd_hid.o
 *fill*         0x2000008a        0x2 
 .data.USBD_HID_OtherSpeedCfgDesc
                0x2000008c       0x22 ./Middlewares/ST/STM32_USB_Device_Library/Class/HID/Src/usbd_hid.o
 *fill*         0x200000ae        0x2 
 .data.USBD_HID_Desc
                0x200000b0        0x9 ./Middlewares/ST/STM32_USB_Device_Library/Class/HID/Src/usbd_hid.o
 *fill*         0x200000b9        0x3 
 .data.USBD_HID_DeviceQualifierDesc
                0x200000bc        0xa ./Middlewares/ST/STM32_USB_Device_Library/Class/HID/Src/usbd_hid.o
 *fill*         0x200000c6        0x2 
 .data.HID_MOUSE_ReportDesc
                0x200000c8       0x45 ./Middlewares/ST/STM32_USB_Device_Library/Class/HID/Src/usbd_hid.o
 *fill*         0x2000010d        0x3 
 .data.FS_Desc  0x20000110       0x1c ./USB_DEVICE/App/usbd_desc.o
                0x20000110                FS_Desc
 .data.USBD_FS_DeviceDesc
                0x2000012c       0x12 ./USB_DEVICE/App/usbd_desc.o
                0x2000012c                USBD_FS_DeviceDesc
 *fill*         0x2000013e        0x2 
 .data.USBD_LangIDDesc
                0x20000140        0x4 ./USB_DEVICE/App/usbd_desc.o
                0x20000140                USBD_LangIDDesc
 .data.USBD_StringSerial
                0x20000144       0x1a ./USB_DEVICE/App/usbd_desc.o
                0x20000144                USBD_StringSerial
 *(.RamFunc)
 *(.RamFunc*)
                0x20000160                        . = ALIGN (0x4)
 *fill*         0x2000015e        0x2 
                0x20000160                        _edata = .

.igot.plt       0x20000160        0x0 load address 0x08007070
 .igot.plt      0x20000160        0x0 /opt/stm32cubeide/plugins/com.st.stm32cube.ide.mcu.externaltools.gnu-tools-for-stm32.12.3.rel1.linux64_1.0.200.202406132123/tools/bin/../lib/gcc/arm-none-eabi/12.3.1/thumb/v7-m/nofp/crtbegin.o
                0x20000160                        . = ALIGN (0x4)

.bss            0x20000160      0xa98 load address 0x08007070
                0x20000160                        _sbss = .
                0x20000160                        __bss_start__ = _sbss
 *(.bss)
 .bss           0x20000160       0x1c /opt/stm32cubeide/plugins/com.st.stm32cube.ide.mcu.externaltools.gnu-tools-for-stm32.12.3.rel1.linux64_1.0.200.202406132123/tools/bin/../lib/gcc/arm-none-eabi/12.3.1/thumb/v7-m/nofp/crtbegin.o
 *(.bss*)
 .bss.hadc1     0x2000017c       0x30 ./Core/Src/main.o
                0x2000017c                hadc1
 .bss.huart1    0x200001ac       0x48 ./Core/Src/main.o
                0x200001ac                huart1
 .bss.htim1     0x200001f4       0x48 ./Core/Src/stm32f1xx_hal_timebase_tim.o
                0x200001f4                htim1
 .bss.uwTick    0x2000023c        0x4 ./Drivers/STM32F1xx_HAL_Driver/Src/stm32f1xx_hal.o
                0x2000023c                uwTick
 .bss.cfgidx.0  0x20000240        0x1 ./Middlewares/ST/STM32_USB_Device_Library/Core/Src/usbd_ctlreq.o
 *fill*         0x20000241        0x3 
 .bss.hUsbDeviceFS
                0x20000244      0x2c4 ./USB_DEVICE/App/usb_device.o
                0x20000244                hUsbDeviceFS
 .bss.USBD_StrDesc
                0x20000508      0x200 ./USB_DEVICE/App/usbd_desc.o
                0x20000508                USBD_StrDesc
 .bss.hpcd_USB_OTG_FS
                0x20000708      0x4dc ./USB_DEVICE/Target/usbd_conf.o
                0x20000708                hpcd_USB_OTG_FS
 .bss.mem.0     0x20000be4       0x14 ./USB_DEVICE/Target/usbd_conf.o
 *(COMMON)
                0x20000bf8                        . = ALIGN (0x4)
                0x20000bf8                        _ebss = .
                0x20000bf8                        __bss_end__ = _ebss

._user_heap_stack
                0x20000bf8      0x600 load address 0x08007070
                0x20000bf8                        . = ALIGN (0x8)
                [!provide]                        PROVIDE (end = .)
                0x20000bf8                        PROVIDE (_end = .)
                0x20000df8                        . = (. + _Min_Heap_Size)
 *fill*         0x20000bf8      0x200 
                0x200011f8                        . = (. + _Min_Stack_Size)
 *fill*         0x20000df8      0x400 
                0x200011f8                        . = ALIGN (0x8)

/DISCARD/
 libc.a(*)
 libm.a(*)
 libgcc.a(*)

.ARM.attributes
                0x00000000       0x29
 *(.ARM.attributes)
 .ARM.attributes
                0x00000000       0x1d /opt/stm32cubeide/plugins/com.st.stm32cube.ide.mcu.externaltools.gnu-tools-for-stm32.12.3.rel1.linux64_1.0.200.202406132123/tools/bin/../lib/gcc/arm-none-eabi/12.3.1/thumb/v7-m/nofp/crti.o
 .ARM.attributes
                0x0000001d       0x2d /opt/stm32cubeide/plugins/com.st.stm32cube.ide.mcu.externaltools.gnu-tools-for-stm32.12.3.rel1.linux64_1.0.200.202406132123/tools/bin/../lib/gcc/arm-none-eabi/12.3.1/thumb/v7-m/nofp/crtbegin.o
 .ARM.attributes
                0x0000004a       0x2d ./Core/Src/main.o
 .ARM.attributes
                0x00000077       0x2d ./Core/Src/stm32f1xx_hal_msp.o
 .ARM.attributes
                0x000000a4       0x2d ./Core/Src/stm32f1xx_hal_timebase_tim.o
 .ARM.attributes
                0x000000d1       0x2d ./Core/Src/stm32f1xx_it.o
 .ARM.attributes
                0x000000fe       0x2d ./Core/Src/system_stm32f1xx.o
 .ARM.attributes
                0x0000012b       0x21 ./Core/Startup/startup_stm32f107rctx.o
 .ARM.attributes
                0x0000014c       0x2d ./Drivers/STM32F1xx_HAL_Driver/Src/stm32f1xx_hal.o
 .ARM.attributes
                0x00000179       0x2d ./Drivers/STM32F1xx_HAL_Driver/Src/stm32f1xx_hal_adc.o
 .ARM.attributes
                0x000001a6       0x2d ./Drivers/STM32F1xx_HAL_Driver/Src/stm32f1xx_hal_cortex.o
 .ARM.attributes
                0x000001d3       0x2d ./Drivers/STM32F1xx_HAL_Driver/Src/stm32f1xx_hal_gpio.o
 .ARM.attributes
                0x00000200       0x2d ./Drivers/STM32F1xx_HAL_Driver/Src/stm32f1xx_hal_pcd.o
 .ARM.attributes
                0x0000022d       0x2d ./Drivers/STM32F1xx_HAL_Driver/Src/stm32f1xx_hal_pcd_ex.o
 .ARM.attributes
                0x0000025a       0x2d ./Drivers/STM32F1xx_HAL_Driver/Src/stm32f1xx_hal_rcc.o
 .ARM.attributes
                0x00000287       0x2d ./Drivers/STM32F1xx_HAL_Driver/Src/stm32f1xx_hal_rcc_ex.o
 .ARM.attributes
                0x000002b4       0x2d ./Drivers/STM32F1xx_HAL_Driver/Src/stm32f1xx_hal_tim.o
 .ARM.attributes
                0x000002e1       0x2d ./Drivers/STM32F1xx_HAL_Driver/Src/stm32f1xx_hal_tim_ex.o
 .ARM.attributes
                0x0000030e       0x2d ./Drivers/STM32F1xx_HAL_Driver/Src/stm32f1xx_hal_uart.o
 .ARM.attributes
                0x0000033b       0x2d ./Drivers/STM32F1xx_HAL_Driver/Src/stm32f1xx_ll_usb.o
 .ARM.attributes
                0x00000368       0x2d ./Middlewares/ST/STM32_USB_Device_Library/Class/HID/Src/usbd_hid.o
 .ARM.attributes
                0x00000395       0x2d ./Middlewares/ST/STM32_USB_Device_Library/Core/Src/usbd_core.o
 .ARM.attributes
                0x000003c2       0x2d ./Middlewares/ST/STM32_USB_Device_Library/Core/Src/usbd_ctlreq.o
 .ARM.attributes
                0x000003ef       0x2d ./Middlewares/ST/STM32_USB_Device_Library/Core/Src/usbd_ioreq.o
 .ARM.attributes
                0x0000041c       0x2d ./USB_DEVICE/App/usb_device.o
 .ARM.attributes
                0x00000449       0x2d ./USB_DEVICE/App/usbd_desc.o
 .ARM.attributes
                0x00000476       0x2d ./USB_DEVICE/Target/usbd_conf.o
 .ARM.attributes
                0x000004a3       0x2d /opt/stm32cubeide/plugins/com.st.stm32cube.ide.mcu.externaltools.gnu-tools-for-stm32.12.3.rel1.linux64_1.0.200.202406132123/tools/bin/../lib/gcc/arm-none-eabi/12.3.1/../../../../arm-none-eabi/lib/thumb/v7-m/nofp/libc_nano.a(libc_a-memset.o)
 .ARM.attributes
                0x000004d0       0x2d /opt/stm32cubeide/plugins/com.st.stm32cube.ide.mcu.externaltools.gnu-tools-for-stm32.12.3.rel1.linux64_1.0.200.202406132123/tools/bin/../lib/gcc/arm-none-eabi/12.3.1/../../../../arm-none-eabi/lib/thumb/v7-m/nofp/libc_nano.a(libc_a-init.o)
 .ARM.attributes
                0x000004fd       0x1d /opt/stm32cubeide/plugins/com.st.stm32cube.ide.mcu.externaltools.gnu-tools-for-stm32.12.3.rel1.linux64_1.0.200.202406132123/tools/bin/../lib/gcc/arm-none-eabi/12.3.1/thumb/v7-m/nofp/libgcc.a(_aeabi_uldivmod.o)
 .ARM.attributes
                0x0000051a       0x2d /opt/stm32cubeide/plugins/com.st.stm32cube.ide.mcu.externaltools.gnu-tools-for-stm32.12.3.rel1.linux64_1.0.200.202406132123/tools/bin/../lib/gcc/arm-none-eabi/12.3.1/thumb/v7-m/nofp/libgcc.a(_udivmoddi4.o)
 .ARM.attributes
                0x00000547       0x1d /opt/stm32cubeide/plugins/com.st.stm32cube.ide.mcu.externaltools.gnu-tools-for-stm32.12.3.rel1.linux64_1.0.200.202406132123/tools/bin/../lib/gcc/arm-none-eabi/12.3.1/thumb/v7-m/nofp/libgcc.a(_dvmd_tls.o)
 .ARM.attributes
                0x00000564       0x1d /opt/stm32cubeide/plugins/com.st.stm32cube.ide.mcu.externaltools.gnu-tools-for-stm32.12.3.rel1.linux64_1.0.200.202406132123/tools/bin/../lib/gcc/arm-none-eabi/12.3.1/thumb/v7-m/nofp/crtn.o
OUTPUT(stm32-gamepad.elf elf32-littlearm)
LOAD linker stubs
LOAD /opt/stm32cubeide/plugins/com.st.stm32cube.ide.mcu.externaltools.gnu-tools-for-stm32.12.3.rel1.linux64_1.0.200.202406132123/tools/bin/../lib/gcc/arm-none-eabi/12.3.1/../../../../arm-none-eabi/lib/thumb/v7-m/nofp/libc.a
LOAD /opt/stm32cubeide/plugins/com.st.stm32cube.ide.mcu.externaltools.gnu-tools-for-stm32.12.3.rel1.linux64_1.0.200.202406132123/tools/bin/../lib/gcc/arm-none-eabi/12.3.1/../../../../arm-none-eabi/lib/thumb/v7-m/nofp/libm.a
LOAD /opt/stm32cubeide/plugins/com.st.stm32cube.ide.mcu.externaltools.gnu-tools-for-stm32.12.3.rel1.linux64_1.0.200.202406132123/tools/bin/../lib/gcc/arm-none-eabi/12.3.1/thumb/v7-m/nofp/libgcc.a

.debug_info     0x00000000    0x15269
 .debug_info    0x00000000     0x162a ./Core/Src/main.o
 .debug_info    0x0000162a      0xaee ./Core/Src/stm32f1xx_hal_msp.o
 .debug_info    0x00002118      0xa22 ./Core/Src/stm32f1xx_hal_timebase_tim.o
 .debug_info    0x00002b3a      0xb5d ./Core/Src/stm32f1xx_it.o
 .debug_info    0x00003697      0x257 ./Core/Src/system_stm32f1xx.o
 .debug_info    0x000038ee       0x30 ./Core/Startup/startup_stm32f107rctx.o
 .debug_info    0x0000391e      0x78c ./Drivers/STM32F1xx_HAL_Driver/Src/stm32f1xx_hal.o
 .debug_info    0x000040aa      0xc50 ./Drivers/STM32F1xx_HAL_Driver/Src/stm32f1xx_hal_adc.o
 .debug_info    0x00004cfa      0xaf3 ./Drivers/STM32F1xx_HAL_Driver/Src/stm32f1xx_hal_cortex.o
 .debug_info    0x000057ed      0x5c5 ./Drivers/STM32F1xx_HAL_Driver/Src/stm32f1xx_hal_gpio.o
 .debug_info    0x00005db2     0x144b ./Drivers/STM32F1xx_HAL_Driver/Src/stm32f1xx_hal_pcd.o
 .debug_info    0x000071fd      0x6ce ./Drivers/STM32F1xx_HAL_Driver/Src/stm32f1xx_hal_pcd_ex.o
 .debug_info    0x000078cb      0x895 ./Drivers/STM32F1xx_HAL_Driver/Src/stm32f1xx_hal_rcc.o
 .debug_info    0x00008160      0x585 ./Drivers/STM32F1xx_HAL_Driver/Src/stm32f1xx_hal_rcc_ex.o
 .debug_info    0x000086e5     0x2959 ./Drivers/STM32F1xx_HAL_Driver/Src/stm32f1xx_hal_tim.o
 .debug_info    0x0000b03e     0x149b ./Drivers/STM32F1xx_HAL_Driver/Src/stm32f1xx_hal_tim_ex.o
 .debug_info    0x0000c4d9     0x2eed ./Drivers/STM32F1xx_HAL_Driver/Src/stm32f1xx_hal_uart.o
 .debug_info    0x0000f3c6     0x191f ./Drivers/STM32F1xx_HAL_Driver/Src/stm32f1xx_ll_usb.o
 .debug_info    0x00010ce5      0x927 ./Middlewares/ST/STM32_USB_Device_Library/Class/HID/Src/usbd_hid.o
 .debug_info    0x0001160c      0xa52 ./Middlewares/ST/STM32_USB_Device_Library/Core/Src/usbd_core.o
 .debug_info    0x0001205e      0x91c ./Middlewares/ST/STM32_USB_Device_Library/Core/Src/usbd_ctlreq.o
 .debug_info    0x0001297a      0x6a0 ./Middlewares/ST/STM32_USB_Device_Library/Core/Src/usbd_ioreq.o
 .debug_info    0x0001301a      0x53a ./USB_DEVICE/App/usb_device.o
 .debug_info    0x00013554      0x44a ./USB_DEVICE/App/usbd_desc.o
 .debug_info    0x0001399e     0x18cb ./USB_DEVICE/Target/usbd_conf.o

.debug_abbrev   0x00000000     0x35d0
 .debug_abbrev  0x00000000      0x388 ./Core/Src/main.o
 .debug_abbrev  0x00000388      0x1ab ./Core/Src/stm32f1xx_hal_msp.o
 .debug_abbrev  0x00000533      0x1f3 ./Core/Src/stm32f1xx_hal_timebase_tim.o
 .debug_abbrev  0x00000726      0x1d5 ./Core/Src/stm32f1xx_it.o
 .debug_abbrev  0x000008fb      0x11a ./Core/Src/system_stm32f1xx.o
 .debug_abbrev  0x00000a15       0x24 ./Core/Startup/startup_stm32f107rctx.o
 .debug_abbrev  0x00000a39      0x201 ./Drivers/STM32F1xx_HAL_Driver/Src/stm32f1xx_hal.o
 .debug_abbrev  0x00000c3a      0x225 ./Drivers/STM32F1xx_HAL_Driver/Src/stm32f1xx_hal_adc.o
 .debug_abbrev  0x00000e5f      0x2f8 ./Drivers/STM32F1xx_HAL_Driver/Src/stm32f1xx_hal_cortex.o
 .debug_abbrev  0x00001157      0x1ca ./Drivers/STM32F1xx_HAL_Driver/Src/stm32f1xx_hal_gpio.o
 .debug_abbrev  0x00001321      0x2af ./Drivers/STM32F1xx_HAL_Driver/Src/stm32f1xx_hal_pcd.o
 .debug_abbrev  0x000015d0      0x1c7 ./Drivers/STM32F1xx_HAL_Driver/Src/stm32f1xx_hal_pcd_ex.o
 .debug_abbrev  0x00001797      0x293 ./Drivers/STM32F1xx_HAL_Driver/Src/stm32f1xx_hal_rcc.o
 .debug_abbrev  0x00001a2a      0x1ac ./Drivers/STM32F1xx_HAL_Driver/Src/stm32f1xx_hal_rcc_ex.o
 .debug_abbrev  0x00001bd6      0x277 ./Drivers/STM32F1xx_HAL_Driver/Src/stm32f1xx_hal_tim.o
 .debug_abbrev  0x00001e4d      0x282 ./Drivers/STM32F1xx_HAL_Driver/Src/stm32f1xx_hal_tim_ex.o
 .debug_abbrev  0x000020cf      0x2f8 ./Drivers/STM32F1xx_HAL_Driver/Src/stm32f1xx_hal_uart.o
 .debug_abbrev  0x000023c7      0x2b1 ./Drivers/STM32F1xx_HAL_Driver/Src/stm32f1xx_ll_usb.o
 .debug_abbrev  0x00002678      0x26b ./Middlewares/ST/STM32_USB_Device_Library/Class/HID/Src/usbd_hid.o
 .debug_abbrev  0x000028e3      0x24a ./Middlewares/ST/STM32_USB_Device_Library/Core/Src/usbd_core.o
 .debug_abbrev  0x00002b2d      0x26b ./Middlewares/ST/STM32_USB_Device_Library/Core/Src/usbd_ctlreq.o
 .debug_abbrev  0x00002d98      0x192 ./Middlewares/ST/STM32_USB_Device_Library/Core/Src/usbd_ioreq.o
 .debug_abbrev  0x00002f2a      0x188 ./USB_DEVICE/App/usb_device.o
 .debug_abbrev  0x000030b2      0x1ff ./USB_DEVICE/App/usbd_desc.o
 .debug_abbrev  0x000032b1      0x31f ./USB_DEVICE/Target/usbd_conf.o

.debug_aranges  0x00000000     0x1370
 .debug_aranges
                0x00000000       0x58 ./Core/Src/main.o
 .debug_aranges
                0x00000058       0x40 ./Core/Src/stm32f1xx_hal_msp.o
 .debug_aranges
                0x00000098       0x30 ./Core/Src/stm32f1xx_hal_timebase_tim.o
 .debug_aranges
                0x000000c8       0x70 ./Core/Src/stm32f1xx_it.o
 .debug_aranges
                0x00000138       0x28 ./Core/Src/system_stm32f1xx.o
 .debug_aranges
                0x00000160       0x28 ./Core/Startup/startup_stm32f107rctx.o
 .debug_aranges
                0x00000188       0xe0 ./Drivers/STM32F1xx_HAL_Driver/Src/stm32f1xx_hal.o
 .debug_aranges
                0x00000268       0xf0 ./Drivers/STM32F1xx_HAL_Driver/Src/stm32f1xx_hal_adc.o
 .debug_aranges
                0x00000358      0x100 ./Drivers/STM32F1xx_HAL_Driver/Src/stm32f1xx_hal_cortex.o
 .debug_aranges
                0x00000458       0x58 ./Drivers/STM32F1xx_HAL_Driver/Src/stm32f1xx_hal_gpio.o
 .debug_aranges
                0x000004b0      0x140 ./Drivers/STM32F1xx_HAL_Driver/Src/stm32f1xx_hal_pcd.o
 .debug_aranges
                0x000005f0       0x38 ./Drivers/STM32F1xx_HAL_Driver/Src/stm32f1xx_hal_pcd_ex.o
 .debug_aranges
                0x00000628       0x90 ./Drivers/STM32F1xx_HAL_Driver/Src/stm32f1xx_hal_rcc.o
 .debug_aranges
                0x000006b8       0x50 ./Drivers/STM32F1xx_HAL_Driver/Src/stm32f1xx_hal_rcc_ex.o
 .debug_aranges
                0x00000708      0x3d0 ./Drivers/STM32F1xx_HAL_Driver/Src/stm32f1xx_hal_tim.o
 .debug_aranges
                0x00000ad8      0x168 ./Drivers/STM32F1xx_HAL_Driver/Src/stm32f1xx_hal_tim_ex.o
 .debug_aranges
                0x00000c40      0x208 ./Drivers/STM32F1xx_HAL_Driver/Src/stm32f1xx_hal_uart.o
 .debug_aranges
                0x00000e48      0x1a0 ./Drivers/STM32F1xx_HAL_Driver/Src/stm32f1xx_ll_usb.o
 .debug_aranges
                0x00000fe8       0x68 ./Middlewares/ST/STM32_USB_Device_Library/Class/HID/Src/usbd_hid.o
 .debug_aranges
                0x00001050       0xb8 ./Middlewares/ST/STM32_USB_Device_Library/Core/Src/usbd_core.o
 .debug_aranges
                0x00001108       0x88 ./Middlewares/ST/STM32_USB_Device_Library/Core/Src/usbd_ctlreq.o
 .debug_aranges
                0x00001190       0x50 ./Middlewares/ST/STM32_USB_Device_Library/Core/Src/usbd_ioreq.o
 .debug_aranges
                0x000011e0       0x20 ./USB_DEVICE/App/usb_device.o
 .debug_aranges
                0x00001200       0x60 ./USB_DEVICE/App/usbd_desc.o
 .debug_aranges
                0x00001260      0x110 ./USB_DEVICE/Target/usbd_conf.o

.debug_rnglists
                0x00000000      0xefa
 .debug_rnglists
                0x00000000       0x40 ./Core/Src/main.o
 .debug_rnglists
                0x00000040       0x2d ./Core/Src/stm32f1xx_hal_msp.o
 .debug_rnglists
                0x0000006d       0x20 ./Core/Src/stm32f1xx_hal_timebase_tim.o
 .debug_rnglists
                0x0000008d       0x4f ./Core/Src/stm32f1xx_it.o
 .debug_rnglists
                0x000000dc       0x1a ./Core/Src/system_stm32f1xx.o
 .debug_rnglists
                0x000000f6       0x19 ./Core/Startup/startup_stm32f107rctx.o
 .debug_rnglists
                0x0000010f       0xa3 ./Drivers/STM32F1xx_HAL_Driver/Src/stm32f1xx_hal.o
 .debug_rnglists
                0x000001b2       0xbc ./Drivers/STM32F1xx_HAL_Driver/Src/stm32f1xx_hal_adc.o
 .debug_rnglists
                0x0000026e       0xbb ./Drivers/STM32F1xx_HAL_Driver/Src/stm32f1xx_hal_cortex.o
 .debug_rnglists
                0x00000329       0x3f ./Drivers/STM32F1xx_HAL_Driver/Src/stm32f1xx_hal_gpio.o
 .debug_rnglists
                0x00000368       0xf3 ./Drivers/STM32F1xx_HAL_Driver/Src/stm32f1xx_hal_pcd.o
 .debug_rnglists
                0x0000045b       0x26 ./Drivers/STM32F1xx_HAL_Driver/Src/stm32f1xx_hal_pcd_ex.o
 .debug_rnglists
                0x00000481       0x6c ./Drivers/STM32F1xx_HAL_Driver/Src/stm32f1xx_hal_rcc.o
 .debug_rnglists
                0x000004ed       0x3c ./Drivers/STM32F1xx_HAL_Driver/Src/stm32f1xx_hal_rcc_ex.o
 .debug_rnglists
                0x00000529      0x31a ./Drivers/STM32F1xx_HAL_Driver/Src/stm32f1xx_hal_tim.o
 .debug_rnglists
                0x00000843      0x125 ./Drivers/STM32F1xx_HAL_Driver/Src/stm32f1xx_hal_tim_ex.o
 .debug_rnglists
                0x00000968      0x1bc ./Drivers/STM32F1xx_HAL_Driver/Src/stm32f1xx_hal_uart.o
 .debug_rnglists
                0x00000b24      0x146 ./Drivers/STM32F1xx_HAL_Driver/Src/stm32f1xx_ll_usb.o
 .debug_rnglists
                0x00000c6a       0x4a ./Middlewares/ST/STM32_USB_Device_Library/Class/HID/Src/usbd_hid.o
 .debug_rnglists
                0x00000cb4       0x89 ./Middlewares/ST/STM32_USB_Device_Library/Core/Src/usbd_core.o
 .debug_rnglists
                0x00000d3d       0x68 ./Middlewares/ST/STM32_USB_Device_Library/Core/Src/usbd_ctlreq.o
 .debug_rnglists
                0x00000da5       0x37 ./Middlewares/ST/STM32_USB_Device_Library/Core/Src/usbd_ioreq.o
 .debug_rnglists
                0x00000ddc       0x13 ./USB_DEVICE/App/usb_device.o
 .debug_rnglists
                0x00000def       0x43 ./USB_DEVICE/App/usbd_desc.o
 .debug_rnglists
                0x00000e32       0xc8 ./USB_DEVICE/Target/usbd_conf.o

.debug_macro    0x00000000    0x22f8d
 .debug_macro   0x00000000      0x389 ./Core/Src/main.o
 .debug_macro   0x00000389      0xaa8 ./Core/Src/main.o
 .debug_macro   0x00000e31      0x227 ./Core/Src/main.o
 .debug_macro   0x00001058       0x2e ./Core/Src/main.o
 .debug_macro   0x00001086       0x22 ./Core/Src/main.o
 .debug_macro   0x000010a8       0x22 ./Core/Src/main.o
 .debug_macro   0x000010ca       0x8e ./Core/Src/main.o
 .debug_macro   0x00001158       0x51 ./Core/Src/main.o
 .debug_macro   0x000011a9      0x103 ./Core/Src/main.o
 .debug_macro   0x000012ac       0x6a ./Core/Src/main.o
 .debug_macro   0x00001316      0x1df ./Core/Src/main.o
 .debug_macro   0x000014f5       0x1c ./Core/Src/main.o
 .debug_macro   0x00001511       0x22 ./Core/Src/main.o
 .debug_macro   0x00001533       0xbd ./Core/Src/main.o
 .debug_macro   0x000015f0      0xd23 ./Core/Src/main.o
 .debug_macro   0x00002313    0x15c59 ./Core/Src/main.o
 .debug_macro   0x00017f6c       0x6d ./Core/Src/main.o
 .debug_macro   0x00017fd9     0x34a2 ./Core/Src/main.o
 .debug_macro   0x0001b47b      0x189 ./Core/Src/main.o
 .debug_macro   0x0001b604       0x5c ./Core/Src/main.o
 .debug_macro   0x0001b660      0x5bc ./Core/Src/main.o
 .debug_macro   0x0001bc1c      0x6b4 ./Core/Src/main.o
 .debug_macro   0x0001c2d0      0x1cb ./Core/Src/main.o
 .debug_macro   0x0001c49b      0x114 ./Core/Src/main.o
 .debug_macro   0x0001c5af      0x214 ./Core/Src/main.o
 .debug_macro   0x0001c7c3       0x27 ./Core/Src/main.o
 .debug_macro   0x0001c7ea      0x13c ./Core/Src/main.o
 .debug_macro   0x0001c926      0x1bc ./Core/Src/main.o
 .debug_macro   0x0001cae2       0x30 ./Core/Src/main.o
 .debug_macro   0x0001cb12       0x3c ./Core/Src/main.o
 .debug_macro   0x0001cb4e       0x57 ./Core/Src/main.o
 .debug_macro   0x0001cba5      0x46a ./Core/Src/main.o
 .debug_macro   0x0001d00f      0x1c3 ./Core/Src/main.o
 .debug_macro   0x0001d1d2       0x87 ./Core/Src/main.o
 .debug_macro   0x0001d259      0x24f ./Core/Src/main.o
 .debug_macro   0x0001d4a8      0x140 ./Core/Src/main.o
 .debug_macro   0x0001d5e8      0x8ed ./Core/Src/main.o
 .debug_macro   0x0001ded5      0x28e ./Core/Src/main.o
 .debug_macro   0x0001e163      0x215 ./Core/Src/main.o
 .debug_macro   0x0001e378       0x82 ./Core/Src/main.o
 .debug_macro   0x0001e3fa       0xdf ./Core/Src/main.o
 .debug_macro   0x0001e4d9      0x1aa ./Core/Src/main.o
 .debug_macro   0x0001e683       0x61 ./Core/Src/main.o
 .debug_macro   0x0001e6e4       0x24 ./Core/Src/main.o
 .debug_macro   0x0001e708       0x43 ./Core/Src/main.o
 .debug_macro   0x0001e74b       0x34 ./Core/Src/main.o
 .debug_macro   0x0001e77f       0x16 ./Core/Src/main.o
 .debug_macro   0x0001e795       0x35 ./Core/Src/main.o
 .debug_macro   0x0001e7ca      0x369 ./Core/Src/main.o
 .debug_macro   0x0001eb33       0x10 ./Core/Src/main.o
 .debug_macro   0x0001eb43       0x16 ./Core/Src/main.o
 .debug_macro   0x0001eb59       0x43 ./Core/Src/main.o
 .debug_macro   0x0001eb9c       0x34 ./Core/Src/main.o
 .debug_macro   0x0001ebd0       0x10 ./Core/Src/main.o
 .debug_macro   0x0001ebe0       0x58 ./Core/Src/main.o
 .debug_macro   0x0001ec38       0x8e ./Core/Src/main.o
 .debug_macro   0x0001ecc6       0x1c ./Core/Src/main.o
 .debug_macro   0x0001ece2      0x177 ./Core/Src/main.o
 .debug_macro   0x0001ee59       0x16 ./Core/Src/main.o
 .debug_macro   0x0001ee6f       0x16 ./Core/Src/main.o
 .debug_macro   0x0001ee85      0x146 ./Core/Src/main.o
 .debug_macro   0x0001efcb       0x16 ./Core/Src/main.o
 .debug_macro   0x0001efe1       0x16 ./Core/Src/main.o
 .debug_macro   0x0001eff7       0x29 ./Core/Src/main.o
 .debug_macro   0x0001f020       0x16 ./Core/Src/main.o
 .debug_macro   0x0001f036       0x20 ./Core/Src/main.o
 .debug_macro   0x0001f056       0x5f ./Core/Src/main.o
 .debug_macro   0x0001f0b5      0x1c8 ./Core/Src/main.o
 .debug_macro   0x0001f27d       0x5e ./Core/Src/main.o
 .debug_macro   0x0001f2db      0x1ea ./Core/Src/stm32f1xx_hal_msp.o
 .debug_macro   0x0001f4c5      0x1db ./Core/Src/stm32f1xx_hal_timebase_tim.o
 .debug_macro   0x0001f6a0      0x1f4 ./Core/Src/stm32f1xx_it.o
 .debug_macro   0x0001f894      0x1db ./Core/Src/system_stm32f1xx.o
 .debug_macro   0x0001fa6f      0x1ff ./Drivers/STM32F1xx_HAL_Driver/Src/stm32f1xx_hal.o
 .debug_macro   0x0001fc6e      0x1f8 ./Drivers/STM32F1xx_HAL_Driver/Src/stm32f1xx_hal_adc.o
 .debug_macro   0x0001fe66      0x1db ./Drivers/STM32F1xx_HAL_Driver/Src/stm32f1xx_hal_cortex.o
 .debug_macro   0x00020041      0x246 ./Drivers/STM32F1xx_HAL_Driver/Src/stm32f1xx_hal_gpio.o
 .debug_macro   0x00020287      0x1e7 ./Drivers/STM32F1xx_HAL_Driver/Src/stm32f1xx_hal_pcd.o
 .debug_macro   0x0002046e      0x1db ./Drivers/STM32F1xx_HAL_Driver/Src/stm32f1xx_hal_pcd_ex.o
 .debug_macro   0x00020649      0x1ed ./Drivers/STM32F1xx_HAL_Driver/Src/stm32f1xx_hal_rcc.o
 .debug_macro   0x00020836      0x1db ./Drivers/STM32F1xx_HAL_Driver/Src/stm32f1xx_hal_rcc_ex.o
 .debug_macro   0x00020a11      0x1dc ./Drivers/STM32F1xx_HAL_Driver/Src/stm32f1xx_hal_tim.o
 .debug_macro   0x00020bed      0x1db ./Drivers/STM32F1xx_HAL_Driver/Src/stm32f1xx_hal_tim_ex.o
 .debug_macro   0x00020dc8      0x1dc ./Drivers/STM32F1xx_HAL_Driver/Src/stm32f1xx_hal_uart.o
 .debug_macro   0x00020fa4      0x1db ./Drivers/STM32F1xx_HAL_Driver/Src/stm32f1xx_ll_usb.o
 .debug_macro   0x0002117f      0x379 ./Middlewares/ST/STM32_USB_Device_Library/Class/HID/Src/usbd_hid.o
 .debug_macro   0x000214f8       0x9e ./Middlewares/ST/STM32_USB_Device_Library/Class/HID/Src/usbd_hid.o
 .debug_macro   0x00021596      0x10b ./Middlewares/ST/STM32_USB_Device_Library/Class/HID/Src/usbd_hid.o
 .debug_macro   0x000216a1       0x56 ./Middlewares/ST/STM32_USB_Device_Library/Class/HID/Src/usbd_hid.o
 .debug_macro   0x000216f7      0x360 ./Middlewares/ST/STM32_USB_Device_Library/Core/Src/usbd_core.o
 .debug_macro   0x00021a57      0x1ce ./Middlewares/ST/STM32_USB_Device_Library/Core/Src/usbd_core.o
 .debug_macro   0x00021c25      0x36a ./Middlewares/ST/STM32_USB_Device_Library/Core/Src/usbd_ctlreq.o
 .debug_macro   0x00021f8f      0x366 ./Middlewares/ST/STM32_USB_Device_Library/Core/Src/usbd_ioreq.o
 .debug_macro   0x000222f5      0x390 ./USB_DEVICE/App/usb_device.o
 .debug_macro   0x00022685      0x1b0 ./USB_DEVICE/App/usb_device.o
 .debug_macro   0x00022835       0x22 ./USB_DEVICE/App/usb_device.o
 .debug_macro   0x00022857      0x39d ./USB_DEVICE/App/usbd_desc.o
 .debug_macro   0x00022bf4       0x1c ./USB_DEVICE/App/usbd_desc.o
 .debug_macro   0x00022c10      0x37d ./USB_DEVICE/Target/usbd_conf.o

.debug_line     0x00000000    0x16ca2
 .debug_line    0x00000000      0xb51 ./Core/Src/main.o
 .debug_line    0x00000b51      0x74e ./Core/Src/stm32f1xx_hal_msp.o
 .debug_line    0x0000129f      0x708 ./Core/Src/stm32f1xx_hal_timebase_tim.o
 .debug_line    0x000019a7      0x787 ./Core/Src/stm32f1xx_it.o
 .debug_line    0x0000212e      0x74f ./Core/Src/system_stm32f1xx.o
 .debug_line    0x0000287d       0x78 ./Core/Startup/startup_stm32f107rctx.o
 .debug_line    0x000028f5      0x947 ./Drivers/STM32F1xx_HAL_Driver/Src/stm32f1xx_hal.o
 .debug_line    0x0000323c      0xfc2 ./Drivers/STM32F1xx_HAL_Driver/Src/stm32f1xx_hal_adc.o
 .debug_line    0x000041fe      0xb31 ./Drivers/STM32F1xx_HAL_Driver/Src/stm32f1xx_hal_cortex.o
 .debug_line    0x00004d2f      0x9de ./Drivers/STM32F1xx_HAL_Driver/Src/stm32f1xx_hal_gpio.o
 .debug_line    0x0000570d     0x1298 ./Drivers/STM32F1xx_HAL_Driver/Src/stm32f1xx_hal_pcd.o
 .debug_line    0x000069a5      0x764 ./Drivers/STM32F1xx_HAL_Driver/Src/stm32f1xx_hal_pcd_ex.o
 .debug_line    0x00007109      0xe86 ./Drivers/STM32F1xx_HAL_Driver/Src/stm32f1xx_hal_rcc.o
 .debug_line    0x00007f8f      0xb8a ./Drivers/STM32F1xx_HAL_Driver/Src/stm32f1xx_hal_rcc_ex.o
 .debug_line    0x00008b19     0x34b7 ./Drivers/STM32F1xx_HAL_Driver/Src/stm32f1xx_hal_tim.o
 .debug_line    0x0000bfd0     0x18c8 ./Drivers/STM32F1xx_HAL_Driver/Src/stm32f1xx_hal_tim_ex.o
 .debug_line    0x0000d898     0x2824 ./Drivers/STM32F1xx_HAL_Driver/Src/stm32f1xx_hal_uart.o
 .debug_line    0x000100bc     0x1a68 ./Drivers/STM32F1xx_HAL_Driver/Src/stm32f1xx_ll_usb.o
 .debug_line    0x00011b24      0xb3c ./Middlewares/ST/STM32_USB_Device_Library/Class/HID/Src/usbd_hid.o
 .debug_line    0x00012660      0xcff ./Middlewares/ST/STM32_USB_Device_Library/Core/Src/usbd_core.o
 .debug_line    0x0001335f      0xf3f ./Middlewares/ST/STM32_USB_Device_Library/Core/Src/usbd_ctlreq.o
 .debug_line    0x0001429e      0x995 ./Middlewares/ST/STM32_USB_Device_Library/Core/Src/usbd_ioreq.o
 .debug_line    0x00014c33      0x93a ./USB_DEVICE/App/usb_device.o
 .debug_line    0x0001556d      0xa1e ./USB_DEVICE/App/usbd_desc.o
 .debug_line    0x00015f8b      0xd17 ./USB_DEVICE/Target/usbd_conf.o

.debug_str      0x00000000    0xc30af
 .debug_str     0x00000000    0xbe611 ./Core/Src/main.o
                              0xbeb25 (size before relaxing)
 .debug_str     0x000be611       0xbb ./Core/Src/stm32f1xx_hal_msp.o
                              0xb9d5f (size before relaxing)
 .debug_str     0x000be6cc      0x467 ./Core/Src/stm32f1xx_hal_timebase_tim.o
                              0xb9b67 (size before relaxing)
 .debug_str     0x000beb33      0x434 ./Core/Src/stm32f1xx_it.o
                              0xba026 (size before relaxing)
 .debug_str     0x000bef67       0xb1 ./Core/Src/system_stm32f1xx.o
                              0xb91f1 (size before relaxing)
 .debug_str     0x000bf018       0x44 ./Core/Startup/startup_stm32f107rctx.o
                                 0x8e (size before relaxing)
 .debug_str     0x000bf05c      0x340 ./Drivers/STM32F1xx_HAL_Driver/Src/stm32f1xx_hal.o
                              0xb99e2 (size before relaxing)
 .debug_str     0x000bf39c      0x388 ./Drivers/STM32F1xx_HAL_Driver/Src/stm32f1xx_hal_adc.o
                              0xb989a (size before relaxing)
 .debug_str     0x000bf724      0x2a8 ./Drivers/STM32F1xx_HAL_Driver/Src/stm32f1xx_hal_cortex.o
                              0xb9920 (size before relaxing)
 .debug_str     0x000bf9cc      0x2d5 ./Drivers/STM32F1xx_HAL_Driver/Src/stm32f1xx_hal_gpio.o
                              0xb954a (size before relaxing)
 .debug_str     0x000bfca1      0x7b2 ./Drivers/STM32F1xx_HAL_Driver/Src/stm32f1xx_hal_pcd.o
                              0xb9d06 (size before relaxing)
 .debug_str     0x000c0453      0x163 ./Drivers/STM32F1xx_HAL_Driver/Src/stm32f1xx_hal_pcd_ex.o
                              0xb9675 (size before relaxing)
 .debug_str     0x000c05b6      0x1fa ./Drivers/STM32F1xx_HAL_Driver/Src/stm32f1xx_hal_rcc.o
                              0xb9660 (size before relaxing)
 .debug_str     0x000c07b0      0x104 ./Drivers/STM32F1xx_HAL_Driver/Src/stm32f1xx_hal_rcc_ex.o
                              0xb946e (size before relaxing)
 .debug_str     0x000c08b4      0xe5a ./Drivers/STM32F1xx_HAL_Driver/Src/stm32f1xx_hal_tim.o
                              0xba5e7 (size before relaxing)
 .debug_str     0x000c170e      0x503 ./Drivers/STM32F1xx_HAL_Driver/Src/stm32f1xx_hal_tim_ex.o
                              0xb9df3 (size before relaxing)
 .debug_str     0x000c1c11      0x623 ./Drivers/STM32F1xx_HAL_Driver/Src/stm32f1xx_hal_uart.o
                              0xb9c56 (size before relaxing)
 .debug_str     0x000c2234      0x46c ./Drivers/STM32F1xx_HAL_Driver/Src/stm32f1xx_ll_usb.o
                              0xb9c30 (size before relaxing)
 .debug_str     0x000c26a0      0x287 ./Middlewares/ST/STM32_USB_Device_Library/Class/HID/Src/usbd_hid.o
                              0xbe0fc (size before relaxing)
 .debug_str     0x000c2927      0x298 ./Middlewares/ST/STM32_USB_Device_Library/Core/Src/usbd_core.o
                              0xbdf97 (size before relaxing)
 .debug_str     0x000c2bbf      0x112 ./Middlewares/ST/STM32_USB_Device_Library/Core/Src/usbd_ctlreq.o
                              0xbdeb1 (size before relaxing)
 .debug_str     0x000c2cd1       0x79 ./Middlewares/ST/STM32_USB_Device_Library/Core/Src/usbd_ioreq.o
                              0xbddde (size before relaxing)
 .debug_str     0x000c2d4a       0xa2 ./USB_DEVICE/App/usb_device.o
                              0xbdf53 (size before relaxing)
 .debug_str     0x000c2dec      0x25b ./USB_DEVICE/App/usbd_desc.o
                              0xbdd1d (size before relaxing)
 .debug_str     0x000c3047       0x68 ./USB_DEVICE/Target/usbd_conf.o
                              0xbebd4 (size before relaxing)

.comment        0x00000000       0x43
 .comment       0x00000000       0x43 ./Core/Src/main.o
                                 0x44 (size before relaxing)
 .comment       0x00000043       0x44 ./Core/Src/stm32f1xx_hal_msp.o
 .comment       0x00000043       0x44 ./Core/Src/stm32f1xx_hal_timebase_tim.o
 .comment       0x00000043       0x44 ./Core/Src/stm32f1xx_it.o
 .comment       0x00000043       0x44 ./Core/Src/system_stm32f1xx.o
 .comment       0x00000043       0x44 ./Drivers/STM32F1xx_HAL_Driver/Src/stm32f1xx_hal.o
 .comment       0x00000043       0x44 ./Drivers/STM32F1xx_HAL_Driver/Src/stm32f1xx_hal_adc.o
 .comment       0x00000043       0x44 ./Drivers/STM32F1xx_HAL_Driver/Src/stm32f1xx_hal_cortex.o
 .comment       0x00000043       0x44 ./Drivers/STM32F1xx_HAL_Driver/Src/stm32f1xx_hal_gpio.o
 .comment       0x00000043       0x44 ./Drivers/STM32F1xx_HAL_Driver/Src/stm32f1xx_hal_pcd.o
 .comment       0x00000043       0x44 ./Drivers/STM32F1xx_HAL_Driver/Src/stm32f1xx_hal_pcd_ex.o
 .comment       0x00000043       0x44 ./Drivers/STM32F1xx_HAL_Driver/Src/stm32f1xx_hal_rcc.o
 .comment       0x00000043       0x44 ./Drivers/STM32F1xx_HAL_Driver/Src/stm32f1xx_hal_rcc_ex.o
 .comment       0x00000043       0x44 ./Drivers/STM32F1xx_HAL_Driver/Src/stm32f1xx_hal_tim.o
 .comment       0x00000043       0x44 ./Drivers/STM32F1xx_HAL_Driver/Src/stm32f1xx_hal_tim_ex.o
 .comment       0x00000043       0x44 ./Drivers/STM32F1xx_HAL_Driver/Src/stm32f1xx_hal_uart.o
 .comment       0x00000043       0x44 ./Drivers/STM32F1xx_HAL_Driver/Src/stm32f1xx_ll_usb.o
 .comment       0x00000043       0x44 ./Middlewares/ST/STM32_USB_Device_Library/Class/HID/Src/usbd_hid.o
 .comment       0x00000043       0x44 ./Middlewares/ST/STM32_USB_Device_Library/Core/Src/usbd_core.o
 .comment       0x00000043       0x44 ./Middlewares/ST/STM32_USB_Device_Library/Core/Src/usbd_ctlreq.o
 .comment       0x00000043       0x44 ./Middlewares/ST/STM32_USB_Device_Library/Core/Src/usbd_ioreq.o
 .comment       0x00000043       0x44 ./USB_DEVICE/App/usb_device.o
 .comment       0x00000043       0x44 ./USB_DEVICE/App/usbd_desc.o
 .comment       0x00000043       0x44 ./USB_DEVICE/Target/usbd_conf.o

.debug_frame    0x00000000     0x5168
 .debug_frame   0x00000000      0x114 ./Core/Src/main.o
 .debug_frame   0x00000114       0xc8 ./Core/Src/stm32f1xx_hal_msp.o
 .debug_frame   0x000001dc       0x74 ./Core/Src/stm32f1xx_hal_timebase_tim.o
 .debug_frame   0x00000250      0x140 ./Core/Src/stm32f1xx_it.o
 .debug_frame   0x00000390       0x58 ./Core/Src/system_stm32f1xx.o
 .debug_frame   0x000003e8      0x334 ./Drivers/STM32F1xx_HAL_Driver/Src/stm32f1xx_hal.o
 .debug_frame   0x0000071c      0x40c ./Drivers/STM32F1xx_HAL_Driver/Src/stm32f1xx_hal_adc.o
 .debug_frame   0x00000b28      0x428 ./Drivers/STM32F1xx_HAL_Driver/Src/stm32f1xx_hal_cortex.o
 .debug_frame   0x00000f50      0x14c ./Drivers/STM32F1xx_HAL_Driver/Src/stm32f1xx_hal_gpio.o
 .debug_frame   0x0000109c      0x58c ./Drivers/STM32F1xx_HAL_Driver/Src/stm32f1xx_hal_pcd.o
 .debug_frame   0x00001628       0xb0 ./Drivers/STM32F1xx_HAL_Driver/Src/stm32f1xx_hal_pcd_ex.o
 .debug_frame   0x000016d8      0x220 ./Drivers/STM32F1xx_HAL_Driver/Src/stm32f1xx_hal_rcc.o
 .debug_frame   0x000018f8      0x118 ./Drivers/STM32F1xx_HAL_Driver/Src/stm32f1xx_hal_rcc_ex.o
 .debug_frame   0x00001a10     0x11b8 ./Drivers/STM32F1xx_HAL_Driver/Src/stm32f1xx_hal_tim.o
 .debug_frame   0x00002bc8      0x638 ./Drivers/STM32F1xx_HAL_Driver/Src/stm32f1xx_hal_tim_ex.o
 .debug_frame   0x00003200      0x944 ./Drivers/STM32F1xx_HAL_Driver/Src/stm32f1xx_hal_uart.o
 .debug_frame   0x00003b44      0x7bc ./Drivers/STM32F1xx_HAL_Driver/Src/stm32f1xx_ll_usb.o
 .debug_frame   0x00004300      0x190 ./Middlewares/ST/STM32_USB_Device_Library/Class/HID/Src/usbd_hid.o
 .debug_frame   0x00004490      0x300 ./Middlewares/ST/STM32_USB_Device_Library/Core/Src/usbd_core.o
 .debug_frame   0x00004790      0x218 ./Middlewares/ST/STM32_USB_Device_Library/Core/Src/usbd_ctlreq.o
 .debug_frame   0x000049a8      0x10c ./Middlewares/ST/STM32_USB_Device_Library/Core/Src/usbd_ioreq.o
 .debug_frame   0x00004ab4       0x2c ./USB_DEVICE/App/usb_device.o
 .debug_frame   0x00004ae0      0x160 ./USB_DEVICE/App/usbd_desc.o
 .debug_frame   0x00004c40      0x47c ./USB_DEVICE/Target/usbd_conf.o
 .debug_frame   0x000050bc       0x20 /opt/stm32cubeide/plugins/com.st.stm32cube.ide.mcu.externaltools.gnu-tools-for-stm32.12.3.rel1.linux64_1.0.200.202406132123/tools/bin/../lib/gcc/arm-none-eabi/12.3.1/../../../../arm-none-eabi/lib/thumb/v7-m/nofp/libc_nano.a(libc_a-memset.o)
 .debug_frame   0x000050dc       0x2c /opt/stm32cubeide/plugins/com.st.stm32cube.ide.mcu.externaltools.gnu-tools-for-stm32.12.3.rel1.linux64_1.0.200.202406132123/tools/bin/../lib/gcc/arm-none-eabi/12.3.1/../../../../arm-none-eabi/lib/thumb/v7-m/nofp/libc_nano.a(libc_a-init.o)
 .debug_frame   0x00005108       0x2c /opt/stm32cubeide/plugins/com.st.stm32cube.ide.mcu.externaltools.gnu-tools-for-stm32.12.3.rel1.linux64_1.0.200.202406132123/tools/bin/../lib/gcc/arm-none-eabi/12.3.1/thumb/v7-m/nofp/libgcc.a(_aeabi_uldivmod.o)
 .debug_frame   0x00005134       0x34 /opt/stm32cubeide/plugins/com.st.stm32cube.ide.mcu.externaltools.gnu-tools-for-stm32.12.3.rel1.linux64_1.0.200.202406132123/tools/bin/../lib/gcc/arm-none-eabi/12.3.1/thumb/v7-m/nofp/libgcc.a(_udivmoddi4.o)

.debug_line_str
                0x00000000       0x72
 .debug_line_str
                0x00000000       0x72 ./Core/Startup/startup_stm32f107rctx.o
